2024-09-25 17:59:39,941 - __main__ - DEBUG - Create new map rrr
2024-09-25 17:59:54,487 - __main__ - DEBUG - Create new map rrr
2024-09-25 18:16:10,289 - __main__ - DEBUG - Create new map  Huh
2024-09-25 18:22:20,985 - __main__ - DEBUG - Create new map hhh
2024-09-25 18:32:26,487 - __main__ - DEBUG - Create new map eee
2024-09-25 20:03:24,087 - __main__ - DEBUG - Create new map mod1
2024-09-25 20:05:45,620 - __main__ - DEBUG - Create new map goop
2024-09-25 20:08:02,772 - __main__ - DEBUG - Create new map huh
2024-09-25 20:13:41,190 - __main__ - DEBUG - Create new map wait
2024-09-25 20:14:26,266 - __main__ - DEBUG - Create new map what
2024-09-25 20:20:53,995 - __main__ - DEBUG - Create new gamemode hello
2024-09-25 20:21:00,288 - __main__ - DEBUG - Create new mod wtf
2024-09-25 20:21:43,604 - __main__ - DEBUG - Create new mod im legi
2024-09-25 20:57:51,175 - __main__ - DEBUG - Create new mod huh
2024-09-25 20:57:55,995 - __main__ - DEBUG - Create new gamemode guh
2024-09-25 20:58:00,571 - __main__ - DEBUG - Create new map but1
2024-09-25 21:01:06,180 - __main__ - DEBUG - <ModPack 1>
2024-09-25 21:01:29,913 - __main__ - DEBUG - <ModPack 1>
2024-09-25 21:04:59,017 - __main__ - DEBUG - Create new map 1
2024-09-25 21:05:02,071 - __main__ - DEBUG - Create new gamemode 1
2024-09-25 21:05:04,384 - __main__ - DEBUG - Create new mod 1
2024-09-25 21:05:12,527 - __main__ - DEBUG - <ModPack 1>
2024-09-25 21:19:36,368 - __main__ - DEBUG - profile map id 1
2024-09-25 21:20:50,707 - __main__ - DEBUG - profile map id 1
2024-09-25 21:20:50,709 - __main__ - DEBUG - None
2024-09-25 21:21:53,418 - __main__ - DEBUG - profile map id 1
2024-09-25 21:21:53,419 - __main__ - DEBUG - None
2024-09-25 21:22:10,923 - __main__ - DEBUG - profile map id 1
2024-09-25 21:22:10,925 - __main__ - DEBUG - None
2024-09-25 21:23:02,209 - __main__ - DEBUG - <ModPack 1>
2024-09-25 21:27:15,450 - __main__ - DEBUG - profile map id 1
2024-09-25 21:27:15,451 - __main__ - DEBUG - None
2024-09-25 21:27:37,737 - __main__ - DEBUG - profile map id 1
2024-09-25 21:27:37,738 - __main__ - DEBUG - None
2024-09-25 21:28:02,130 - __main__ - DEBUG - profile map id 1
2024-09-25 21:29:12,632 - __main__ - INFO - Error occured while getting profile, could be [] IDK
2024-09-25 21:29:39,389 - __main__ - INFO - Error occured while getting profile, could be [] IDK
2024-09-25 21:29:44,772 - __main__ - DEBUG - Create new map 1
2024-09-25 21:29:44,778 - __main__ - INFO - Error occured while getting profile, could be [] IDK
2024-09-25 21:29:46,931 - __main__ - DEBUG - Create new gamemode 1
2024-09-25 21:29:46,939 - __main__ - INFO - Error occured while getting profile, could be [] IDK
2024-09-25 21:29:48,793 - __main__ - DEBUG - Create new mod 1
2024-09-25 21:29:48,799 - __main__ - INFO - Error occured while getting profile, could be [] IDK
2024-09-25 21:29:52,813 - __main__ - INFO - Error occured while getting profile, could be [] IDK
2024-09-25 21:29:55,620 - __main__ - DEBUG - <ModPack 1>
2024-09-25 21:29:59,099 - __main__ - DEBUG - <ModPack 1>
2024-09-25 21:32:09,074 - __main__ - DEBUG - <ModPack 1>
2024-09-25 21:32:21,347 - __main__ - DEBUG - profile map id 1
2024-09-25 21:32:21,347 - __main__ - DEBUG - 1
2024-09-25 21:32:50,724 - __main__ - CRITICAL - Failed to set profile gluh gluh
2024-09-25 21:59:31,058 - __main__ - CRITICAL - Failed to set profile 3 gluh
2024-09-25 22:03:38,218 - pavrcon - INFO - Cleared mods from Game.ini
2024-09-25 22:03:38,270 - pavrcon - INFO - Added modID 1 to Game.ini
2024-09-25 22:03:38,328 - pavrcon - INFO - Added new rotation of 1 with gamemode 1
2024-09-25 22:03:38,378 - pavrcon - INFO - Current Rotation: [{'MapId': 'datacenter', 'GameMode': 'TTT'}, {'MapId': '1', 'GameMode': '1'}]
2024-09-25 22:03:38,452 - pavrcon - INFO - Removed {'MapId': 'datacenter', 'GameMode': 'TTT'} from rotation
2024-09-25 22:03:38,506 - pavrcon - INFO - Removed {'MapId': '1', 'GameMode': '1'} from rotation
2024-09-25 22:07:49,343 - __main__ - DEBUG - Create new map sand
2024-09-25 22:07:56,320 - __main__ - DEBUG - Create new gamemode TTT
2024-09-25 22:08:18,775 - __main__ - DEBUG - <ModPack 1>
2024-09-25 22:08:27,769 - pavrcon - INFO - Cleared mods from Game.ini
2024-09-25 22:08:27,815 - pavrcon - INFO - Added modID 1 to Game.ini
2024-09-25 22:08:27,869 - pavrcon - INFO - Added new rotation of 2 with gamemode 2
2024-09-25 22:08:27,917 - pavrcon - INFO - Current Rotation: [{'MapId': '1', 'GameMode': '1'}, {'MapId': '2', 'GameMode': '2'}]
2024-09-25 22:08:27,966 - pavrcon - INFO - Removed {'MapId': '1', 'GameMode': '1'} from rotation
2024-09-25 22:08:28,013 - pavrcon - INFO - Removed {'MapId': '2', 'GameMode': '2'} from rotation
2024-09-25 22:08:28,176 - pavrcon - INFO - Successfully rotated map
2024-09-25 22:11:04,137 - __main__ - DEBUG - Create new mod ttt custom
2024-09-25 22:11:27,414 - __main__ - DEBUG - <ModPack 2>
2024-09-25 22:11:38,765 - pavrcon - INFO - Cleared mods from Game.ini
2024-09-25 22:11:38,818 - pavrcon - INFO - Added modID UGC3970532 to Game.ini
2024-09-25 22:11:38,874 - pavrcon - INFO - Added new rotation of 2 with gamemode 2
2024-09-25 22:11:38,918 - pavrcon - INFO - Current Rotation: [{'MapId': '2', 'GameMode': '2'}, {'MapId': '2', 'GameMode': '2'}]
2024-09-25 22:11:38,969 - pavrcon - INFO - Removed {'MapId': '2', 'GameMode': '2'} from rotation
2024-09-25 22:11:39,023 - pavrcon - INFO - Removed {'MapId': '2', 'GameMode': '2'} from rotation
2024-09-25 22:11:39,206 - pavrcon - INFO - Successfully rotated map
2024-09-25 22:12:19,343 - __main__ - DEBUG - Create new map bridge
2024-09-25 22:12:32,892 - __main__ - DEBUG - <ModPack 2>
2024-09-25 22:12:47,990 - pavrcon - INFO - Cleared mods from Game.ini
2024-09-25 22:12:48,045 - pavrcon - INFO - Added modID UGC3970532 to Game.ini
2024-09-25 22:12:48,092 - pavrcon - INFO - Added new rotation of 3 with gamemode 2
2024-09-25 22:12:48,146 - pavrcon - INFO - Current Rotation: [{'MapId': '2', 'GameMode': '2'}, {'MapId': '3', 'GameMode': '2'}]
2024-09-25 22:12:48,195 - pavrcon - INFO - Removed {'MapId': '2', 'GameMode': '2'} from rotation
2024-09-25 22:12:48,250 - pavrcon - INFO - Removed {'MapId': '3', 'GameMode': '2'} from rotation
2024-09-25 22:12:48,441 - pavrcon - INFO - Successfully rotated map
2024-09-25 22:13:23,499 - pavrcon - INFO - Cleared mods from Game.ini
2024-09-25 22:13:23,552 - pavrcon - INFO - Added modID UGC3970532 to Game.ini
2024-09-25 22:13:23,608 - pavrcon - INFO - Added new rotation of 3 with gamemode 2
2024-09-25 22:13:23,648 - pavrcon - INFO - Current Rotation: [{'MapId': '3', 'GameMode': '2'}, {'MapId': '3', 'GameMode': '2'}]
2024-09-25 22:13:23,711 - pavrcon - INFO - Removed {'MapId': '3', 'GameMode': '2'} from rotation
2024-09-25 22:13:23,770 - pavrcon - INFO - Removed {'MapId': '3', 'GameMode': '2'} from rotation
2024-09-25 22:13:23,929 - pavrcon - INFO - Successfully rotated map
2024-09-25 22:17:59,078 - pavrcon - INFO - Cleared mods from Game.ini
2024-09-25 22:17:59,132 - pavrcon - INFO - Added modID UGC3970532 to Game.ini
2024-09-25 22:17:59,238 - pavrcon - INFO - Added new rotation of 3 with gamemode 2
2024-09-25 22:17:59,283 - pavrcon - INFO - Current Rotation: [{'MapId': '3', 'GameMode': '2'}, {'MapId': '3', 'GameMode': '2'}]
2024-09-25 22:17:59,336 - pavrcon - INFO - Removed {'MapId': '3', 'GameMode': '2'} from rotation
2024-09-25 22:17:59,384 - pavrcon - CRITICAL - Error occured while removing an entry from rotation
2024-09-25 22:17:59,552 - pavrcon - INFO - Successfully rotated map
2024-09-25 22:19:19,269 - pavrcon - INFO - Cleared mods from Game.ini
2024-09-25 22:19:19,310 - pavrcon - INFO - Added modID UGC3970532 to Game.ini
2024-09-25 22:19:19,366 - pavrcon - INFO - Added new rotation of bridge with gamemode TTT
2024-09-25 22:19:19,422 - pavrcon - INFO - Current Rotation: [{'MapId': '3', 'GameMode': '2'}, {'MapId': 'bridge', 'GameMode': 'TTT'}]
2024-09-25 22:19:19,478 - pavrcon - INFO - Removed {'MapId': '3', 'GameMode': '2'} from rotation
2024-09-25 22:19:19,665 - pavrcon - INFO - Successfully rotated map
2024-09-25 22:20:45,952 - __main__ - DEBUG - Create new mod low gravity
2024-09-25 22:21:24,010 - __main__ - DEBUG - Create new map ttt minecraft
2024-09-25 22:23:25,057 - __main__ - DEBUG - low gravity
2024-09-25 22:24:04,130 - pavrcon - INFO - Cleared mods from Game.ini
2024-09-25 22:24:04,232 - pavrcon - INFO - Added modID UGC3268342 to Game.ini
2024-09-25 22:24:04,287 - pavrcon - INFO - Added new rotation of UGC3249688 with gamemode TTT
2024-09-25 22:24:04,335 - pavrcon - INFO - Current Rotation: [{'MapId': 'bridge', 'GameMode': 'TTT'}, {'MapId': 'UGC3249688', 'GameMode': 'TTT'}]
2024-09-25 22:24:04,388 - pavrcon - INFO - Removed {'MapId': 'bridge', 'GameMode': 'TTT'} from rotation
2024-09-25 22:24:04,558 - pavrcon - INFO - Successfully rotated map
2024-09-25 22:25:32,025 - pavrcon - INFO - Cleared mods from Game.ini
2024-09-25 22:25:32,079 - pavrcon - INFO - Added modID UGC3268342 to Game.ini
2024-09-25 22:25:32,124 - pavrcon - INFO - Added new rotation of UGC3249688 with gamemode TTT
2024-09-25 22:25:32,172 - pavrcon - INFO - Current Rotation: [{'MapId': 'UGC3249688', 'GameMode': 'TTT'}, {'MapId': 'UGC3249688', 'GameMode': 'TTT'}]
2024-09-25 22:25:32,342 - pavrcon - INFO - Successfully rotated map
2024-09-25 22:26:26,381 - __main__ - DEBUG - low gravity
2024-09-25 22:26:33,841 - pavrcon - INFO - Cleared mods from Game.ini
2024-09-25 22:26:33,893 - pavrcon - INFO - Added modID UGC3268342 to Game.ini
2024-09-25 22:26:33,947 - pavrcon - INFO - Added new rotation of sand with gamemode TTT
2024-09-25 22:26:33,987 - pavrcon - INFO - Current Rotation: [{'MapId': 'UGC3249688', 'GameMode': 'TTT'}, {'MapId': 'UGC3249688', 'GameMode': 'TTT'}, {'MapId': 'sand', 'GameMode': 'TTT'}]
2024-09-25 22:26:34,051 - pavrcon - INFO - Removed {'MapId': 'UGC3249688', 'GameMode': 'TTT'} from rotation
2024-09-25 22:26:34,096 - pavrcon - INFO - Removed {'MapId': 'UGC3249688', 'GameMode': 'TTT'} from rotation
2024-09-25 22:26:34,267 - pavrcon - INFO - Successfully rotated map
2024-09-25 22:29:45,303 - pavrcon - INFO - Cleared mods from Game.ini
2024-09-25 22:29:45,359 - pavrcon - INFO - {'Command': 'UGCAddMod', 'ModId': 'UGC3268342', 'Successful': True}
2024-09-25 22:29:45,359 - pavrcon - INFO - Added modID UGC3268342 to Game.ini
2024-09-25 22:29:45,415 - pavrcon - INFO - Added new rotation of sand with gamemode TTT
2024-09-25 22:29:45,473 - pavrcon - INFO - Current Rotation: [{'MapId': 'sand', 'GameMode': 'TTT'}, {'MapId': 'sand', 'GameMode': 'TTT'}]
2024-09-25 22:29:45,668 - pavrcon - INFO - Successfully rotated map
2024-09-25 22:31:23,470 - pavrcon - INFO - Cleared mods from Game.ini
2024-09-25 22:31:23,540 - pavrcon - INFO - {'Command': 'UGCAddMod', 'ModId': 'UGC3268342', 'Successful': True}
2024-09-25 22:31:23,540 - pavrcon - INFO - Added modID UGC3268342 to Game.ini
2024-09-25 22:31:23,594 - pavrcon - INFO - Added new rotation of sand with gamemode TTT
2024-09-25 22:31:23,645 - pavrcon - INFO - Current Rotation: [{'MapId': 'sand', 'GameMode': 'TTT'}]
2024-09-25 22:31:23,834 - pavrcon - INFO - Successfully rotated map
2024-09-25 22:42:30,342 - __main__ - DEBUG - ttt best custom
2024-09-25 22:42:48,496 - pavrcon - INFO - Cleared mods from Game.ini
2024-09-25 22:42:48,550 - pavrcon - INFO - {'Command': 'UGCAddMod', 'ModId': 'UGC3970532', 'Successful': True}
2024-09-25 22:42:48,550 - pavrcon - INFO - Added modID UGC3970532 to Game.ini
2024-09-25 22:42:48,607 - pavrcon - INFO - Added new rotation of UGC3249688 with gamemode TTT
2024-09-25 22:42:48,658 - pavrcon - INFO - Current Rotation: [{'MapId': 'sand', 'GameMode': 'TTT'}, {'MapId': 'UGC3249688', 'GameMode': 'TTT'}]
2024-09-25 22:42:48,705 - pavrcon - INFO - Removed {'MapId': 'sand', 'GameMode': 'TTT'} from rotation
2024-09-25 22:42:48,870 - pavrcon - INFO - Successfully rotated map
2024-09-25 23:09:33,718 - __main__ - INFO - Error occured while getting profile, could be [] IDK
2024-09-25 23:10:39,406 - __main__ - DEBUG - Create new map mcdonalds
2024-09-25 23:10:39,417 - __main__ - INFO - Error occured while getting profile, could be [] IDK
2024-09-25 23:10:49,601 - __main__ - DEBUG - Create new gamemode ttt
2024-09-25 23:10:49,609 - __main__ - INFO - Error occured while getting profile, could be [] IDK
2024-09-25 23:11:16,844 - __main__ - DEBUG - Create new mod low gravity
2024-09-25 23:11:16,853 - __main__ - INFO - Error occured while getting profile, could be [] IDK
2024-09-25 23:11:22,372 - __main__ - INFO - Error occured while getting profile, could be [] IDK
2024-09-25 23:11:30,384 - __main__ - DEBUG - low grav
2024-09-25 23:11:40,451 - pavrcon - INFO - Cleared mods from Game.ini
2024-09-25 23:11:40,504 - pavrcon - INFO - {'Command': 'UGCAddMod', 'ModId': 'UGC3268342', 'Successful': True}
2024-09-25 23:11:40,504 - pavrcon - INFO - Added modID UGC3268342 to Game.ini
2024-09-25 23:11:40,561 - pavrcon - INFO - Added new rotation of UGC2819934 with gamemode TTT
2024-09-25 23:11:40,608 - pavrcon - INFO - Current Rotation: [{'MapId': 'UGC1758245796', 'GameMode': 'GUN'}, {'MapId': 'datacenter', 'GameMode': 'SND'}, {'MapId': 'sand', 'GameMode': 'DM'}, {'MapId': 'UGC2819934', 'GameMode': 'TTT'}]
2024-09-25 23:11:40,672 - pavrcon - INFO - Removed {'MapId': 'UGC1758245796', 'GameMode': 'GUN'} from rotation
2024-09-25 23:11:40,741 - pavrcon - INFO - Removed {'MapId': 'datacenter', 'GameMode': 'SND'} from rotation
2024-09-25 23:11:40,796 - pavrcon - INFO - Removed {'MapId': 'sand', 'GameMode': 'DM'} from rotation
2024-09-25 23:11:40,970 - pavrcon - INFO - Successfully rotated map
2024-09-25 23:13:25,670 - pavrcon - INFO - Cleared mods from Game.ini
2024-09-25 23:13:25,726 - pavrcon - INFO - {'Command': 'UGCAddMod', 'ModId': 'UGC3268342', 'Successful': True}
2024-09-25 23:13:25,726 - pavrcon - INFO - Added modID UGC3268342 to Game.ini
2024-09-25 23:13:25,794 - pavrcon - INFO - Added new rotation of UGC2819934 with gamemode TTT
2024-09-25 23:13:25,858 - pavrcon - INFO - Current Rotation: [{'MapId': 'UGC2819934', 'GameMode': 'TTT'}, {'MapId': 'UGC2819934', 'GameMode': 'TTT'}]
2024-09-25 23:13:26,114 - pavrcon - INFO - Successfully rotated map
2024-09-25 23:34:26,559 - pavrcon - INFO - Cleared mods from Game.ini
2024-09-25 23:34:26,605 - pavrcon - INFO - {'Command': 'UGCAddMod', 'ModId': 'UGC3268342', 'Successful': True}
2024-09-25 23:34:26,605 - pavrcon - INFO - Added modID UGC3268342 to Game.ini
2024-09-25 23:34:26,650 - pavrcon - INFO - Added new rotation of UGC2819934 with gamemode TTT
2024-09-25 23:34:26,708 - pavrcon - INFO - Current Rotation: [{'MapId': 'UGC1758245796', 'GameMode': 'GUN'}, {'MapId': 'datacenter', 'GameMode': 'SND'}, {'MapId': 'sand', 'GameMode': 'DM'}, {'MapId': 'UGC2819934', 'GameMode': 'TTT'}]
2024-09-25 23:34:26,748 - pavrcon - INFO - Removed {'MapId': 'UGC1758245796', 'GameMode': 'GUN'} from rotation
2024-09-25 23:34:26,793 - pavrcon - INFO - Removed {'MapId': 'datacenter', 'GameMode': 'SND'} from rotation
2024-09-25 23:34:26,841 - pavrcon - INFO - Removed {'MapId': 'sand', 'GameMode': 'DM'} from rotation
2024-09-25 23:34:27,016 - pavrcon - INFO - Successfully rotated map
2024-09-25 23:36:21,432 - __main__ - DEBUG - Create new map sand
2024-09-25 23:36:25,786 - __main__ - DEBUG - Create new gamemode GUN
2024-09-25 23:36:53,125 - __main__ - DEBUG - non
2024-09-25 23:36:58,562 - pavrcon - INFO - Cleared mods from Game.ini
2024-09-25 23:36:58,620 - pavrcon - INFO - Added new rotation of sand with gamemode GUN
2024-09-25 23:36:58,669 - pavrcon - INFO - Current Rotation: [{'MapId': 'UGC2819934', 'GameMode': 'TTT'}, {'MapId': 'sand', 'GameMode': 'GUN'}]
2024-09-25 23:36:58,718 - pavrcon - INFO - Removed {'MapId': 'UGC2819934', 'GameMode': 'TTT'} from rotation
2024-09-25 23:36:58,886 - pavrcon - INFO - Successfully rotated map
2024-09-25 23:37:28,478 - pavrcon - INFO - Cleared mods from Game.ini
2024-09-25 23:37:28,521 - pavrcon - INFO - {'Command': 'UGCAddMod', 'ModId': 'UGC3268342', 'Successful': True}
2024-09-25 23:37:28,521 - pavrcon - INFO - Added modID UGC3268342 to Game.ini
2024-09-25 23:37:28,579 - pavrcon - INFO - Added new rotation of UGC2819934 with gamemode TTT
2024-09-25 23:37:28,622 - pavrcon - INFO - Current Rotation: [{'MapId': 'sand', 'GameMode': 'GUN'}, {'MapId': 'UGC2819934', 'GameMode': 'TTT'}]
2024-09-25 23:37:28,671 - pavrcon - INFO - Removed {'MapId': 'sand', 'GameMode': 'GUN'} from rotation
2024-09-25 23:37:28,845 - pavrcon - INFO - Successfully rotated map
2024-09-25 23:41:02,515 - __main__ - DEBUG - Create new map datacenter
2024-09-25 23:41:25,684 - __main__ - DEBUG - low grav
2024-09-25 23:41:35,506 - pavrcon - INFO - Cleared mods from Game.ini
2024-09-25 23:41:35,550 - pavrcon - INFO - {'Command': 'UGCAddMod', 'ModId': 'UGC3268342', 'Successful': True}
2024-09-25 23:41:35,550 - pavrcon - INFO - Added modID UGC3268342 to Game.ini
2024-09-25 23:41:35,597 - pavrcon - INFO - Added new rotation of datacenter with gamemode TTT
2024-09-25 23:41:35,642 - pavrcon - INFO - Current Rotation: [{'MapId': 'UGC2819934', 'GameMode': 'TTT'}, {'MapId': 'datacenter', 'GameMode': 'TTT'}]
2024-09-25 23:41:35,685 - pavrcon - INFO - Removed {'MapId': 'UGC2819934', 'GameMode': 'TTT'} from rotation
2024-09-25 23:41:35,857 - pavrcon - INFO - Successfully rotated map
2024-09-25 23:42:25,450 - pavrcon - INFO - Cleared mods from Game.ini
2024-09-25 23:42:25,492 - pavrcon - INFO - Added new rotation of sand with gamemode GUN
2024-09-25 23:42:25,536 - pavrcon - INFO - Current Rotation: [{'MapId': 'datacenter', 'GameMode': 'TTT'}, {'MapId': 'sand', 'GameMode': 'GUN'}]
2024-09-25 23:42:25,582 - pavrcon - INFO - Removed {'MapId': 'datacenter', 'GameMode': 'TTT'} from rotation
2024-09-25 23:42:25,761 - pavrcon - INFO - Successfully rotated map
2024-09-26 01:06:12,878 - utils - INFO - Admin already exists
2024-09-26 01:09:33,101 - utils - INFO - Error occured while getting profile, could be [] IDK
2024-09-26 01:09:59,808 - utils - INFO - Error occured while getting profile, could be [] IDK
2024-09-26 01:10:11,970 - utils - INFO - Error occured while getting profile, could be [] IDK
2024-09-26 01:10:15,542 - utils - INFO - Error occured while getting profile, could be [] IDK
2024-09-26 01:10:57,468 - utils - INFO - Error occured while getting profile, could be [] IDK
2024-09-26 01:11:00,066 - utils - INFO - Error occured while getting profile, could be [] IDK
2024-09-26 01:11:50,387 - utils - INFO - Error occured while getting profile, could be [] IDK
2024-09-26 01:12:03,036 - utils - INFO - Error occured while getting profile, could be [] IDK
2024-09-26 01:12:06,108 - utils - INFO - Error occured while getting profile, could be [] IDK
2024-09-26 01:13:18,979 - utils - INFO - Error occured while getting profile, could be [] IDK
2024-09-26 01:14:35,818 - utils - INFO - Error occured while getting profile, could be [] IDK
2024-09-26 01:14:38,168 - utils - INFO - Error occured while getting profile, could be [] IDK
2024-09-26 01:22:01,508 - utils - INFO - Error occured while getting profile, could be [] IDK
2024-09-26 01:22:05,989 - utils - DEBUG - User canno access
2024-09-26 01:22:05,992 - utils - INFO - Error occured while getting profile, could be [] IDK
2024-09-26 01:22:23,643 - utils - DEBUG - User canno access
2024-09-26 01:22:23,646 - utils - INFO - Error occured while getting profile, could be [] IDK
2024-09-26 01:22:26,115 - utils - DEBUG - User canno access
2024-09-26 01:22:26,584 - pavrcon - INFO - Successfully rotated map
2024-09-26 01:22:26,584 - __main__ - CRITICAL - Failed to rotate server
2024-09-26 01:22:26,590 - utils - DEBUG - User canno access
2024-09-26 01:22:26,592 - utils - INFO - Error occured while getting profile, could be [] IDK
2024-09-26 01:23:16,255 - utils - DEBUG - User canno access
2024-09-26 01:23:16,256 - utils - INFO - Error occured while getting profile, could be [] IDK
2024-09-26 01:23:17,753 - utils - DEBUG - User canno access
2024-09-26 01:23:17,963 - pavrcon - INFO - Successfully rotated map
2024-09-26 01:23:17,963 - __main__ - CRITICAL - Failed to rotate server
2024-09-26 01:23:17,968 - utils - DEBUG - User canno access
2024-09-26 01:23:17,970 - utils - INFO - Error occured while getting profile, could be [] IDK
2024-09-26 01:25:36,140 - utils - DEBUG - User canno access
2024-09-26 01:25:39,764 - utils - DEBUG - User canno access
2024-09-26 01:25:39,767 - utils - INFO - Error occured while getting profile, could be [] IDK
2024-09-26 01:25:41,737 - utils - DEBUG - User canno access
2024-09-26 01:25:41,903 - pavrcon - INFO - Successfully rotated map
2024-09-26 01:25:41,910 - utils - DEBUG - User canno access
2024-09-26 01:25:41,911 - utils - INFO - Error occured while getting profile, could be [] IDK
2024-09-26 01:26:20,785 - utils - INFO - Error occured while getting profile, could be [] IDK
2024-09-26 01:27:12,601 - utils - INFO - Error occured while getting profile, could be [] IDK
2024-09-26 01:32:10,932 - utils - INFO - Error occured while getting profile, could be [] IDK
2024-09-26 01:32:29,519 - utils - INFO - Error occured while getting profile, could be [] IDK
2024-09-26 01:32:31,234 - utils - INFO - Error occured while getting profile, could be [] IDK
2024-09-26 01:32:34,523 - utils - INFO - Error occured while getting profile, could be [] IDK
2024-09-26 01:48:03,600 - utils - INFO - Error occured while getting profile, could be [] IDK
2024-09-26 01:48:05,845 - utils - INFO - Error occured while getting profile, could be [] IDK
2024-09-26 01:48:12,406 - utils - INFO - Error occured while getting profile, could be [] IDK
2024-09-26 01:49:09,090 - utils - INFO - Error occured while getting profile, could be [] IDK
2024-09-26 01:49:11,405 - utils - INFO - Error occured while getting profile, could be [] IDK
2024-09-26 01:49:50,896 - utils - INFO - Error occured while getting profile, could be [] IDK
2024-09-26 01:49:57,949 - utils - INFO - Error occured while getting profile, could be [] IDK
2024-09-26 01:57:49,564 - utils - INFO - Error occured while getting profile, could be [] IDK
2024-09-26 01:57:54,191 - utils - INFO - Error occured while getting profile, could be [] IDK
2024-09-26 01:58:56,302 - utils - INFO - Error occured while getting profile, could be [] IDK
2024-09-26 02:00:35,004 - utils - INFO - Error occured while getting profile, could be [] IDK
2024-09-26 02:02:25,620 - utils - INFO - Error occured while getting profile, could be [] IDK
2024-09-26 02:08:46,507 - utils - INFO - Error occured while getting profile, could be [] IDK
2024-09-26 02:09:45,522 - utils - INFO - Error occured while getting profile, could be [] IDK
2024-09-26 02:09:53,781 - utils - INFO - Error occured while getting profile, could be [] IDK
2024-09-26 02:10:09,855 - utils - INFO - Error occured while getting profile, could be [] IDK
2024-09-26 02:10:35,732 - utils - INFO - Error occured while getting profile, could be [] IDK
2024-09-26 02:11:08,352 - utils - INFO - Error occured while getting profile, could be [] IDK
2024-09-26 02:11:26,124 - utils - INFO - Error occured while getting profile, could be [] IDK
2024-09-26 02:11:40,454 - utils - INFO - Error occured while getting profile, could be [] IDK
2024-09-26 02:11:57,582 - utils - INFO - Error occured while getting profile, could be [] IDK
2024-09-26 02:12:33,626 - utils - INFO - Error occured while getting profile, could be [] IDK
2024-09-26 02:12:48,113 - utils - INFO - Error occured while getting profile, could be [] IDK
2024-09-26 02:13:00,442 - utils - INFO - Error occured while getting profile, could be [] IDK
2024-09-26 02:13:18,712 - utils - INFO - Error occured while getting profile, could be [] IDK
2024-09-26 02:13:34,470 - utils - INFO - Error occured while getting profile, could be [] IDK
2024-09-26 02:13:48,369 - utils - INFO - Error occured while getting profile, could be [] IDK
2024-09-26 02:15:46,291 - utils - INFO - Error occured while getting profile, could be [] IDK
2024-09-26 02:16:29,978 - utils - INFO - Error occured while getting profile, could be [] IDK
2024-09-26 02:17:36,228 - utils - INFO - Error occured while getting profile, could be [] IDK
2024-09-26 02:18:57,715 - utils - INFO - Error occured while getting profile, could be [] IDK
2024-09-26 02:21:50,350 - utils - INFO - Error occured while getting profile, could be [] IDK
2024-09-26 03:16:10,307 - utils - INFO - Error occured while getting profile, could be [] IDK
2024-09-26 03:18:23,604 - __main__ - DEBUG - Create new mod huh
2024-09-26 03:18:54,232 - __main__ - DEBUG - Create new mod huh
2024-09-26 03:18:54,246 - utils - INFO - Error occured while getting profile, could be [] IDK
2024-09-26 03:24:08,687 - __main__ - DEBUG - Create new mod rrg
2024-09-26 03:24:08,700 - utils - INFO - Error occured while getting profile, could be [] IDK
2024-09-26 03:26:20,104 - utils - INFO - Error occured while getting profile, could be [] IDK
2024-09-26 03:26:45,274 - utils - INFO - Error occured while getting profile, could be [] IDK
2024-09-26 03:26:52,170 - utils - INFO - Error occured while getting profile, could be [] IDK
2024-09-26 03:27:00,317 - utils - INFO - Error occured while getting profile, could be [] IDK
2024-09-26 03:27:38,944 - utils - INFO - Error occured while getting profile, could be [] IDK
2024-09-26 03:27:55,291 - utils - INFO - Error occured while getting profile, could be [] IDK
2024-09-26 03:28:23,279 - utils - INFO - Error occured while getting profile, could be [] IDK
2024-09-26 03:28:40,283 - utils - INFO - Error occured while getting profile, could be [] IDK
2024-09-26 03:28:48,915 - utils - INFO - Error occured while getting profile, could be [] IDK
2024-09-26 03:29:14,463 - utils - INFO - Error occured while getting profile, could be [] IDK
2024-09-26 03:29:26,529 - utils - INFO - Error occured while getting profile, could be [] IDK
2024-09-26 03:29:27,795 - utils - INFO - Error occured while getting profile, could be [] IDK
2024-09-26 03:29:43,737 - utils - INFO - Error occured while getting profile, could be [] IDK
2024-09-26 03:30:08,153 - utils - INFO - Error occured while getting profile, could be [] IDK
2024-09-26 03:32:17,241 - utils - INFO - Error occured while getting profile, could be [] IDK
2024-09-26 03:32:33,800 - utils - INFO - Error occured while getting profile, could be [] IDK
2024-09-26 03:32:59,502 - utils - INFO - Error occured while getting profile, could be [] IDK
2024-09-26 03:33:18,659 - utils - INFO - Error occured while getting profile, could be [] IDK
2024-09-26 03:35:04,937 - utils - INFO - Error occured while getting profile, could be [] IDK
2024-09-26 03:35:13,945 - __main__ - DEBUG - Create new mod ff
2024-09-26 03:35:13,962 - utils - INFO - Error occured while getting profile, could be [] IDK
2024-09-26 03:35:19,726 - __main__ - DEBUG - Create new mod fff
2024-09-26 03:35:19,747 - utils - INFO - Error occured while getting profile, could be [] IDK
2024-09-26 03:35:29,608 - __main__ - DEBUG - Create new mod fff
2024-09-26 03:35:29,624 - utils - INFO - Error occured while getting profile, could be [] IDK
2024-09-26 03:35:34,088 - __main__ - DEBUG - Create new mod d
2024-09-26 03:35:34,099 - utils - INFO - Error occured while getting profile, could be [] IDK
2024-09-26 03:35:36,850 - __main__ - DEBUG - Create new mod f
2024-09-26 03:35:36,866 - utils - INFO - Error occured while getting profile, could be [] IDK
2024-09-26 03:35:40,290 - __main__ - DEBUG - Create new mod f
2024-09-26 03:35:40,300 - utils - INFO - Error occured while getting profile, could be [] IDK
2024-09-26 03:35:43,832 - __main__ - DEBUG - Create new mod f
2024-09-26 03:35:43,842 - utils - INFO - Error occured while getting profile, could be [] IDK
2024-09-26 03:35:47,008 - __main__ - DEBUG - Create new mod f
2024-09-26 03:35:47,022 - utils - INFO - Error occured while getting profile, could be [] IDK
2024-09-26 03:35:49,671 - __main__ - DEBUG - Create new mod f
2024-09-26 03:35:49,685 - utils - INFO - Error occured while getting profile, could be [] IDK
2024-09-26 03:35:52,510 - __main__ - DEBUG - Create new mod f
2024-09-26 03:35:52,524 - utils - INFO - Error occured while getting profile, could be [] IDK
2024-09-26 03:35:55,427 - __main__ - DEBUG - Create new mod f
2024-09-26 03:35:55,442 - utils - INFO - Error occured while getting profile, could be [] IDK
2024-09-26 03:35:59,094 - __main__ - DEBUG - Create new mod f
2024-09-26 03:35:59,108 - utils - INFO - Error occured while getting profile, could be [] IDK
2024-09-26 03:36:02,100 - __main__ - DEBUG - Create new mod f
2024-09-26 03:36:02,116 - utils - INFO - Error occured while getting profile, could be [] IDK
2024-09-26 03:36:04,752 - __main__ - DEBUG - Create new mod f
2024-09-26 03:36:04,775 - utils - INFO - Error occured while getting profile, could be [] IDK
2024-09-26 03:36:07,414 - __main__ - DEBUG - Create new mod f
2024-09-26 03:36:07,430 - utils - INFO - Error occured while getting profile, could be [] IDK
2024-09-26 03:36:09,870 - __main__ - DEBUG - Create new mod f
2024-09-26 03:36:09,885 - utils - INFO - Error occured while getting profile, could be [] IDK
2024-09-26 03:39:03,030 - utils - INFO - Error occured while getting profile, could be [] IDK
2024-09-26 03:40:43,293 - utils - INFO - Error occured while getting profile, could be [] IDK
2024-09-26 03:41:25,766 - utils - INFO - Error occured while getting profile, could be [] IDK
2024-09-26 03:42:03,715 - utils - INFO - Error occured while getting profile, could be [] IDK
2024-09-26 03:42:44,646 - utils - INFO - Error occured while getting profile, could be [] IDK
2024-09-26 03:43:32,317 - utils - INFO - Error occured while getting profile, could be [] IDK
2024-09-26 03:43:42,247 - utils - INFO - Error occured while getting profile, could be [] IDK
2024-09-26 03:43:50,392 - utils - INFO - Error occured while getting profile, could be [] IDK
2024-09-26 03:44:02,936 - utils - INFO - Error occured while getting profile, could be [] IDK
2024-09-26 03:44:13,888 - utils - INFO - Error occured while getting profile, could be [] IDK
2024-09-26 03:44:30,879 - utils - INFO - Error occured while getting profile, could be [] IDK
2024-09-26 03:44:40,444 - utils - INFO - Error occured while getting profile, could be [] IDK
2024-09-26 03:44:53,347 - utils - INFO - Error occured while getting profile, could be [] IDK
2024-09-26 03:45:27,863 - utils - INFO - Error occured while getting profile, could be [] IDK
2024-09-26 03:45:42,317 - utils - INFO - Error occured while getting profile, could be [] IDK
2024-09-26 03:46:03,449 - utils - INFO - Error occured while getting profile, could be [] IDK
2024-09-26 03:46:28,259 - utils - INFO - Error occured while getting profile, could be [] IDK
2024-09-26 03:46:52,433 - utils - INFO - Error occured while getting profile, could be [] IDK
2024-09-26 03:47:56,381 - utils - INFO - Error occured while getting profile, could be [] IDK
2024-09-26 03:48:49,435 - utils - INFO - Error occured while getting profile, could be [] IDK
2024-09-26 03:49:04,385 - utils - INFO - Error occured while getting profile, could be [] IDK
2024-09-26 03:58:43,069 - utils - INFO - Error occured while getting profile, could be [] IDK
2024-09-26 03:59:05,462 - utils - INFO - Error occured while getting profile, could be [] IDK
2024-09-26 04:01:09,796 - utils - INFO - Error occured while getting profile, could be [] IDK
2024-09-26 04:01:38,121 - utils - INFO - Error occured while getting profile, could be [] IDK
2024-09-26 04:03:47,246 - utils - INFO - Error occured while getting profile, could be [] IDK
2024-09-26 04:16:58,772 - __main__ - ERROR - No content recieved from Modio when checking UGC compadibility
2024-09-26 04:23:42,895 - utils - ERROR - No content recieved from Modio when checking UGC compadibility
2024-09-26 04:23:42,943 - utils - INFO - Error occured while getting profile, could be [] IDK
2024-09-26 04:24:13,157 - utils - ERROR - No content recieved from Modio when checking UGC compadibility
2024-09-26 04:24:13,187 - utils - INFO - Error occured while getting profile, could be [] IDK
2024-09-26 04:26:19,462 - utils - DEBUG - {'error': {'code': 404, 'error_ref': 14000, 'message': 'The resource requested could not be found.'}}
2024-09-26 04:26:19,463 - utils - DEBUG - False
2024-09-26 04:26:19,463 - utils - ERROR - Error occured when checking UGC compadibility
2024-09-26 04:26:19,486 - utils - INFO - Error occured while getting profile, could be [] IDK
2024-09-26 04:27:25,309 - utils - DEBUG - {'id': 3617683, 'game_id': 3959, 'status': 1, 'visible': 1, 'submitted_by': {'id': 25627877, 'name_id': 'kodatheproto', 'username': 'KodaTheProto', 'display_name_portal': None, 'date_online': 1727317418, 'date_joined': 0, 'avatar': {'filename': 'kodastargaze.png', 'original': 'https://image.modcdn.io/members/0cde/25627877/kodastargaze.png', 'thumb_50x50': 'https://thumb.modcdn.io/members/0cde/25627877/crop_50x50/kodastargaze.png', 'thumb_100x100': 'https://thumb.modcdn.io/members/0cde/25627877/crop_100x100/kodastargaze.png'}, 'timezone': '', 'language': '', 'profile_url': 'https://mod.io/u/kodatheproto'}, 'date_added': 1704062545, 'date_updated': 1727292715, 'date_live': 1726422763, 'maturity_option': 0, 'community_options': 1025, 'monetization_options': 0, 'stock': 0, 'price': 0, 'tax': 0, 'logo': {'filename': 'archerymodkitthumbnail.1.png', 'original': 'https://image.modcdn.io/mods/d26e/3617683/archerymodkitthumbnail.1.png', 'thumb_320x180': 'https://thumb.modcdn.io/mods/d26e/3617683/crop_320x180/archerymodkitthumbnail.1.png', 'thumb_640x360': 'https://thumb.modcdn.io/mods/d26e/3617683/crop_640x360/archerymodkitthumbnail.1.png', 'thumb_1280x720': 'https://thumb.modcdn.io/mods/d26e/3617683/crop_1280x720/archerymodkitthumbnail.1.png'}, 'homepage_url': None, 'name': 'Archery Modkit', 'name_id': 'archery-modkit', 'summary': 'The Modkit For Creating Custom Archery Weapons In Pavlov', 'description': '<p>The Modkit For Creating Custom Archery Weapons In Pavlov<br>You Can Add This To Your Project In The Editor<br><br><strong>Guide:\xa0</strong><a href="https://mod.io/g/pavlov/r/archery-modkit-guide">https://mod.io/g/pavlov/r/archery-modkit-guide</a></p>', 'description_plaintext': 'The Modkit For Creating Custom Archery Weapons In Pavlov\nYou Can Add This To Your Project In The Editor\n\nGUIDE:\xa0https://mod.io/g/pavlov/r/archery-modkit-guide\n', 'metadata_blob': '{\r\n\t"ModType": "Map",\r\n\t"EngineVersion": "5.1.1",\r\n\t"VersionUUID": 194\r\n}', 'profile_url': 'https://mod.io/g/pavlov/m/archery-modkit', 'media': {'youtube': [], 'sketchfab': [], 'images': []}, 'modfile': {}, 'dependencies': False, 'platforms': [{'platform': 'source', 'modfile_live': 5603734}, {'platform': 'windows', 'modfile_live': 5603735}, {'platform': 'linux', 'modfile_live': 5603736}, {'platform': 'oculus', 'modfile_live': 5603737}, {'platform': 'mac', 'modfile_live': 5603739}], 'metadata_kvp': [], 'tags': [{'name': 'Mod', 'name_localized': 'Mod', 'date_added': 0}], 'stats': {'mod_id': 3617683, 'popularity_rank_position': 4938, 'popularity_rank_total_mods': 8300, 'downloads_today': 1698, 'downloads_total': 4937, 'subscribers_total': 13, 'ratings_total': 5, 'ratings_positive': 5, 'ratings_negative': 0, 'ratings_percentage_positive': 100, 'ratings_weighted_aggregate': 0.57, 'ratings_display_text': 'Positive', 'date_expires': 1727424947}}
2024-09-26 04:27:25,310 - utils - DEBUG - [{'platform': 'source', 'modfile_live': 5603734}, {'platform': 'windows', 'modfile_live': 5603735}, {'platform': 'linux', 'modfile_live': 5603736}, {'platform': 'oculus', 'modfile_live': 5603737}, {'platform': 'mac', 'modfile_live': 5603739}]
2024-09-26 04:27:25,323 - __main__ - DEBUG - Create new mod arch
2024-09-26 04:27:25,349 - utils - INFO - Error occured while getting profile, could be [] IDK
2024-09-26 04:31:02,315 - __main__ - DEBUG - Create new gamemode Knife Only
2024-09-26 04:31:02,359 - utils - INFO - Error occured while getting profile, could be [] IDK
2024-09-26 04:33:07,341 - __main__ - DEBUG - Create new map MC Quest
2024-09-26 04:33:07,367 - utils - INFO - Error occured while getting profile, could be [] IDK
2024-09-26 04:34:07,055 - utils - INFO - Error occured while getting profile, could be [] IDK
2024-09-26 04:34:27,853 - utils - INFO - Error occured while getting profile, could be [] IDK
2024-09-26 04:34:38,644 - utils - INFO - Error occured while getting profile, could be [] IDK
2024-09-26 04:35:23,991 - utils - INFO - Error occured while getting profile, could be [] IDK
2024-09-26 04:35:46,499 - utils - INFO - Error occured while getting profile, could be [] IDK
2024-09-26 04:35:58,671 - utils - INFO - Error occured while getting profile, could be [] IDK
2024-09-26 04:36:08,445 - utils - INFO - Error occured while getting profile, could be [] IDK
2024-09-26 04:36:47,028 - utils - INFO - Error occured while getting profile, could be [] IDK
2024-09-26 04:41:32,346 - utils - INFO - Error occured while getting profile, could be [] IDK
2024-09-26 04:43:12,526 - utils - INFO - Error occured while getting profile, could be [] IDK
2024-09-26 04:44:01,859 - utils - INFO - Error occured while getting profile, could be [] IDK
2024-09-26 04:44:25,458 - utils - INFO - Error occured while getting profile, could be [] IDK
2024-09-26 04:44:39,305 - __main__ - DEBUG - the glorp
2024-09-26 15:08:33,311 - utils - INFO - {'id': 4281945, 'game_id': 3959, 'status': 1, 'visible': 1, 'submitted_by': {'id': 23685761, 'name_id': 'hotcoffee3', 'username': 'HotCoffee10', 'display_name_portal': None, 'date_online': 1726948295, 'date_joined': 0, 'avatar': {'filename': 'a1e1d31bf8893d8aaa63123c4f5d269.jpg', 'original': 'https://image.modcdn.io/members/2a69/23685761/a1e1d31bf8893d8aaa63123c4f5d269.jpg', 'thumb_50x50': 'https://thumb.modcdn.io/members/2a69/23685761/crop_50x50/a1e1d31bf8893d8aaa63123c4f5d269.jpg', 'thumb_100x100': 'https://thumb.modcdn.io/members/2a69/23685761/crop_100x100/a1e1d31bf8893d8aaa63123c4f5d269.jpg'}, 'timezone': '', 'language': '', 'profile_url': 'https://mod.io/u/hotcoffee3'}, 'date_added': 1724376249, 'date_updated': 1724382991, 'date_live': 1724379284, 'maturity_option': 0, 'community_options': 1, 'monetization_options': 0, 'stock': 0, 'price': 0, 'tax': 0, 'logo': {'filename': 'image_2024-08-22_210300973.png', 'original': 'https://image.modcdn.io/mods/b579/4281945/image_2024-08-22_210300973.png', 'thumb_320x180': 'https://thumb.modcdn.io/mods/b579/4281945/crop_320x180/image_2024-08-22_210300973.png', 'thumb_640x360': 'https://thumb.modcdn.io/mods/b579/4281945/crop_640x360/image_2024-08-22_210300973.png', 'thumb_1280x720': 'https://thumb.modcdn.io/mods/b579/4281945/crop_1280x720/image_2024-08-22_210300973.png'}, 'homepage_url': None, 'name': 'Throwing knives', 'name_id': 'throwing-knives', 'summary': 'A TDM style gamemode but you spawn with two throwing knives!', 'description': '', 'description_plaintext': '', 'metadata_blob': '{\r\n\t"ModType": "GameMode",\r\n\t"EngineVersion": "5.1.1",\r\n\t"VersionUUID": 5\r\n}', 'profile_url': 'https://mod.io/g/pavlov/m/throwing-knives', 'media': {'youtube': [], 'sketchfab': [], 'images': []}, 'modfile': {}, 'dependencies': False, 'platforms': [{'platform': 'windows', 'modfile_live': 5494042}, {'platform': 'linux', 'modfile_live': 5494043}, {'platform': 'oculus', 'modfile_live': 5494044}, {'platform': 'mac', 'modfile_live': 5494045}], 'metadata_kvp': [], 'tags': [{'name': 'GameMode', 'name_localized': 'GameMode', 'date_added': 0}], 'stats': {'mod_id': 4281945, 'popularity_rank_position': 283, 'popularity_rank_total_mods': 8303, 'downloads_today': 26, 'downloads_total': 1736, 'subscribers_total': 2, 'ratings_total': 0, 'ratings_positive': 0, 'ratings_negative': 0, 'ratings_percentage_positive': 0, 'ratings_weighted_aggregate': 0, 'ratings_display_text': 'Unrated', 'date_expires': 1727463665}}
2024-09-26 15:08:33,342 - __main__ - DEBUG - Create new map gggg
2024-09-26 15:10:34,194 - utils - INFO - {
	"ModType": "GameMode",
	"EngineVersion": "5.1.1",
	"VersionUUID": 5
}
2024-09-26 15:10:34,206 - __main__ - DEBUG - Create new map 4281945
2024-09-26 15:21:21,417 - utils - ERROR - Error occured when checking UGC compadibility: 'str' object has no attribute 'get'
2024-09-26 15:22:21,832 - utils - ERROR - Error occured when checking UGC compadibility: dictionary update sequence element #0 has length 1; 2 is required
2024-09-26 15:22:54,296 - utils - DEBUG - {
	"ModType": "Map",
	"EngineVersion": "5.1.1",
	"VersionUUID": 156
}
2024-09-26 15:22:54,296 - utils - ERROR - Error occured when checking UGC compadibility: dictionary update sequence element #0 has length 1; 2 is required
2024-09-26 15:23:44,673 - utils - DEBUG - {'ModType': 'Map', 'EngineVersion': '5.1.1', 'VersionUUID': 156}
2024-09-26 15:23:44,687 - __main__ - DEBUG - Create new map 2803451
2024-09-26 15:25:19,086 - utils - DEBUG - Map
2024-09-26 15:25:59,535 - utils - DEBUG - Map
2024-09-26 15:25:59,552 - __main__ - DEBUG - Create new map 2803451
2024-09-26 15:26:04,676 - utils - DEBUG - Map
2024-09-26 15:26:40,086 - utils - DEBUG - Map
2024-09-26 15:37:45,076 - utils - ERROR - Error occured when checking UGC compadibility: the JSON object must be str, bytes or bytearray, not NoneType
2024-09-26 15:41:15,427 - __main__ - DEBUG - Create new map huh
2024-09-26 15:45:21,674 - __main__ - DEBUG - {'error': {'code': 404, 'error_ref': 14000, 'message': 'The requested mod id could not be found.'}}
2024-09-26 15:45:33,040 - __main__ - DEBUG - {'error': {'code': 404, 'error_ref': 14000, 'message': 'The resource requested could not be found.'}}
2024-09-26 15:46:02,944 - __main__ - DEBUG - {'error': {'code': 404, 'error_ref': 14000, 'message': 'The resource requested could not be found.'}}
2024-09-26 15:46:15,641 - __main__ - DEBUG - {'id': 2803451, 'game_id': 3959, 'status': 1, 'visible': 1, 'submitted_by': {'id': 21204929, 'name_id': 'mclovinurmother', 'username': 'McLovinUrMother', 'display_name_portal': None, 'date_online': 1727160767, 'date_joined': 0, 'avatar': {'filename': 'mclovin.png', 'original': 'https://image.modcdn.io/members/3306/21204929/mclovin.png', 'thumb_50x50': 'https://thumb.modcdn.io/members/3306/21204929/crop_50x50/mclovin.png', 'thumb_100x100': 'https://thumb.modcdn.io/members/3306/21204929/crop_100x100/mclovin.png'}, 'timezone': '', 'language': '', 'profile_url': 'https://mod.io/u/mclovinurmother'}, 'date_added': 1676778966, 'date_updated': 1716164865, 'date_live': 1676789994, 'maturity_option': 0, 'community_options': 1025, 'monetization_options': 0, 'stock': 0, 'price': 0, 'tax': 0, 'logo': {'filename': 'mcquestlogo.5.png', 'original': 'https://image.modcdn.io/mods/bc16/2803451/mcquestlogo.5.png', 'thumb_320x180': 'https://thumb.modcdn.io/mods/bc16/2803451/crop_320x180/mcquestlogo.5.png', 'thumb_640x360': 'https://thumb.modcdn.io/mods/bc16/2803451/crop_640x360/mcquestlogo.5.png', 'thumb_1280x720': 'https://thumb.modcdn.io/mods/bc16/2803451/crop_1280x720/mcquestlogo.5.png'}, 'homepage_url': None, 'name': 'MCQuest', 'name_id': 'mcquest-ttt1', 'summary': 'A medium sized Minecraft TTT map | MAP DESCRIPTION: --- Working furnace --- T-room --- Role Tester in tower --- Hidden easter eggs --- Custom MC skins --- Jukebox --- Teleporters --- Edited TTT weapons --- TNT ---| Buy me a coffee - Cashapp: $chj2934', 'description': '<p>***Images don\'t show all the stuff in game because the items reset every round IE: Glass, TNT, etc ***</p>\n<p>\xa0</p>\n<p>A medium sized Minecraft TTT map | MAP DESCRIPTION:</p>\n<p>--- Working furnace ---</p>\n<p>--- Custom Edible, and Petable Chickens ---</p>\n<p>--- T-room ---</p>\n<p>--- Role Tester in tower ---</p>\n<p>--- Custom MC skins ---</p>\n<p>--- Teleporters ---</p>\n<p>--- Edited TTT weapons ---</p>\n<p>--- TNT ---</p>\n<p>--- Jukebox\'s With Discs (4 total!) ---</p>\n<p>--- Volume Controls ---</p>\n<p>\xa0</p>\n<p>Buy me a coffee - Cashapp/Discord: chj2934</p>\n<p>Donate 10 or more add me on discord and Ill add any minecraft skin to the map</p>\n<p>Check out my home bois music(Shameless plug): <a title="ItzLowki" href="https://open.spotify.com/artist/5a0b9GnJ4CnnG9uRufsz2M?si=909a307184544830" target="_blank" rel="noopener noreferrer">ItzLowki</a></p>\n<p>\xa0</p>\n<p><span style="text-decoration:line-through;">Please give me sometime to get all the features working on ue5 its a long process</span></p>\n<p>Looks like I got everything working. If you experience any bugs or have any recommendations feel free to DM me | Discord: chj2934</p>\n<p>\xa0</p>\n<p>QUEST USERS: Not optimized for quest Please leave comments letting me know of any issues</p>', 'description_plaintext': "***Images don't show all the stuff in game because the items reset every round IE: Glass, TNT, etc ***\n\n\xa0\n\nA medium sized Minecraft TTT map | MAP DESCRIPTION:\n\n--- Working furnace ---\n\n--- Custom Edible, and Petable Chickens ---\n\n--- T-room ---\n\n--- Role Tester in tower ---\n\n--- Custom MC skins ---\n\n--- Teleporters ---\n\n--- Edited TTT weapons ---\n\n--- TNT ---\n\n--- Jukebox's With Discs (4 total!) ---\n\n--- Volume Controls ---\n\n\xa0\n\nBuy me a coffee - Cashapp/Discord: chj2934\n\nDonate 10 or more add me on discord and Ill add any minecraft skin to the map\n\nCheck out my home bois music(Shameless plug): ItzLowki\n\n\xa0\n\nPlease give me sometime to get all the features working on ue5 its a long process\n\nLooks like I got everything working. If you experience any bugs or have any recommendations feel free to DM me | Discord: chj2934\n\n\xa0\n\nQUEST USERS: Not optimized for quest Please leave comments letting me know of any issues\n", 'metadata_blob': '{\r\n\t"ModType": "Map",\r\n\t"EngineVersion": "5.1.1",\r\n\t"VersionUUID": 156\r\n}', 'profile_url': 'https://mod.io/g/pavlov/m/mcquest-ttt1', 'media': {'youtube': [], 'sketchfab': [], 'images': [{'filename': 'mcquestlogo.51.png', 'original': 'https://image.modcdn.io/mods/bc16/2803451/mcquestlogo.51.png', 'thumb_320x180': 'https://thumb.modcdn.io/mods/bc16/2803451/crop_320x180/mcquestlogo.51.png', 'thumb_1280x720': 'https://thumb.modcdn.io/mods/bc16/2803451/crop_1280x720/mcquestlogo.51.png'}, {'filename': 'screenshot2023-09-03212118.1.png', 'original': 'https://image.modcdn.io/mods/bc16/2803451/screenshot2023-09-03212118.1.png', 'thumb_320x180': 'https://thumb.modcdn.io/mods/bc16/2803451/crop_320x180/screenshot2023-09-03212118.1.png', 'thumb_1280x720': 'https://thumb.modcdn.io/mods/bc16/2803451/crop_1280x720/screenshot2023-09-03212118.1.png'}, {'filename': 'screenshot2023-09-03212348.png', 'original': 'https://image.modcdn.io/mods/bc16/2803451/screenshot2023-09-03212348.png', 'thumb_320x180': 'https://thumb.modcdn.io/mods/bc16/2803451/crop_320x180/screenshot2023-09-03212348.png', 'thumb_1280x720': 'https://thumb.modcdn.io/mods/bc16/2803451/crop_1280x720/screenshot2023-09-03212348.png'}]}, 'modfile': {}, 'dependencies': False, 'platforms': [{'platform': 'windows', 'modfile_live': 5146031}, {'platform': 'linux', 'modfile_live': 5146033}, {'platform': 'oculus', 'modfile_live': 5146044}, {'platform': 'mac', 'modfile_live': 5146046}], 'metadata_kvp': [], 'tags': [{'name': 'Map', 'name_localized': 'Map', 'date_added': 0}], 'stats': {'mod_id': 2803451, 'popularity_rank_position': 83, 'popularity_rank_total_mods': 8303, 'downloads_today': 279, 'downloads_total': 572706, 'subscribers_total': 400, 'ratings_total': 36, 'ratings_positive': 25, 'ratings_negative': 11, 'ratings_percentage_positive': 69, 'ratings_weighted_aggregate': 0.53, 'ratings_display_text': 'Mixed', 'date_expires': 1727465458}}
2024-09-26 18:25:26,660 - __main__ - DEBUG - https://mod.io/g/pavlov/m/mcquest-ttt1
2024-09-26 18:32:50,020 - utils - INFO - {'ModType': 'Map', 'EngineVersion': '5.1.1', 'VersionUUID': 8}
2024-09-26 18:33:32,350 - __main__ - DEBUG - Create new mod mod
2024-09-26 18:40:51,624 - __main__ - DEBUG - Create new map Swat4
2024-09-26 18:41:15,983 - __main__ - DEBUG - Create new mod Scope+
2024-09-26 18:41:42,101 - __main__ - DEBUG - Create new gamemode Random Gun
2024-09-26 18:43:19,182 - __main__ - DEBUG - Scopes
2024-09-26 23:10:06,291 - utils - ERROR - Error occured when checking UGC compadibility: the JSON object must be str, bytes or bytearray, not NoneType
2024-09-26 23:13:25,043 - __main__ - DEBUG - Create new gamemode gun
2024-09-26 23:14:11,603 - __main__ - DEBUG - Create new mod bug
2024-09-26 23:14:37,757 - __main__ - DEBUG - Create new map nuk
2024-09-26 23:14:48,027 - __main__ - DEBUG - n
2024-09-26 23:15:01,378 - __main__ - INFO - 1
2024-09-26 23:15:52,423 - pavrcon - INFO - Cleared mods from Game.ini
2024-09-26 23:15:52,487 - pavrcon - INFO - {'Command': 'UGCAddMod', 'ModId': 'UGC4252045', 'Successful': True}
2024-09-26 23:15:52,488 - pavrcon - INFO - Added modID UGC4252045 to Game.ini
2024-09-26 23:15:52,564 - pavrcon - INFO - Added new rotation of UGC2970978 with gamemode UGC3267976
2024-09-26 23:15:52,631 - pavrcon - INFO - Current Rotation: [{'MapId': 'sand', 'GameMode': 'GUN'}, {'MapId': 'UGC2970978', 'GameMode': 'UGC3267976'}]
2024-09-26 23:15:52,699 - pavrcon - INFO - Removed {'MapId': 'sand', 'GameMode': 'GUN'} from rotation
2024-09-26 23:15:53,061 - pavrcon - INFO - Successfully rotated map
2024-09-26 23:38:11,031 - utils - ERROR - Not able to verify integrity of UGCID while getting URL
2024-09-26 23:45:56,422 - __main__ - DEBUG - Create new mod 3370978
2024-09-26 23:46:12,393 - __main__ - DEBUG - 3370978
2024-09-26 23:51:07,675 - __main__ - DEBUG - Create new mod 3370978
2024-09-26 23:51:16,013 - __main__ - DEBUG - 3370978
2024-09-26 23:51:19,197 - pavrcon - INFO - Cleared mods from Game.ini
2024-09-26 23:51:19,298 - pavrcon - INFO - {'Command': 'UGCAddMod', 'ModId': 'UGC3370978', 'Successful': True}
2024-09-26 23:51:19,298 - pavrcon - INFO - Added modID UGC3370978 to Game.ini
2024-09-26 23:51:19,400 - pavrcon - INFO - Added new rotation of datacenter with gamemode DM
2024-09-26 23:51:19,498 - pavrcon - INFO - Current Rotation: [{'MapId': 'UGC2970978', 'GameMode': 'UGC3267976'}, {'MapId': 'UGC2970978', 'GameMode': 'UGC3267976'}, {'MapId': 'UGC2970978', 'GameMode': 'UGC3267976'}, {'MapId': 'datacenter', 'GameMode': 'DM'}]
2024-09-26 23:51:19,604 - pavrcon - INFO - Removed {'MapId': 'UGC2970978', 'GameMode': 'UGC3267976'} from rotation
2024-09-26 23:51:19,717 - pavrcon - INFO - Removed {'MapId': 'UGC2970978', 'GameMode': 'UGC3267976'} from rotation
2024-09-26 23:51:19,837 - pavrcon - INFO - Removed {'MapId': 'UGC2970978', 'GameMode': 'UGC3267976'} from rotation
2024-09-26 23:51:58,917 - __main__ - DEBUG - 3370978
2024-09-26 23:52:04,438 - pavrcon - INFO - Cleared mods from Game.ini
2024-09-26 23:52:04,537 - pavrcon - INFO - {'Command': 'UGCAddMod', 'ModId': 'UGC3370978', 'Successful': True}
2024-09-26 23:52:04,537 - pavrcon - INFO - Added modID UGC3370978 to Game.ini
2024-09-26 23:52:04,642 - pavrcon - INFO - Added new rotation of killhouse with gamemode PH
2024-09-26 23:52:04,742 - pavrcon - INFO - Current Rotation: [{'MapId': 'datacenter', 'GameMode': 'DM'}, {'MapId': 'killhouse', 'GameMode': 'PH'}]
2024-09-26 23:52:04,843 - pavrcon - INFO - Removed {'MapId': 'datacenter', 'GameMode': 'DM'} from rotation
2024-09-26 23:52:07,159 - pavrcon - INFO - Successfully rotated map
2024-09-26 23:54:51,035 - __main__ - DEBUG - Create new mod cash
2024-09-26 23:55:33,816 - __main__ - DEBUG - cash modpack
2024-09-26 23:55:45,207 - pavrcon - INFO - Cleared mods from Game.ini
2024-09-26 23:55:45,311 - pavrcon - INFO - {'Command': 'UGCAddMod', 'ModId': 'UGC3267926', 'Successful': True}
2024-09-26 23:55:45,311 - pavrcon - INFO - Added modID UGC3267926 to Game.ini
2024-09-26 23:55:45,418 - pavrcon - INFO - Added new rotation of siberia with gamemode SND
2024-09-26 23:55:45,518 - pavrcon - INFO - Current Rotation: [{'MapId': 'killhouse', 'GameMode': 'PH'}, {'MapId': 'siberia', 'GameMode': 'SND'}]
2024-09-26 23:55:45,620 - pavrcon - INFO - Removed {'MapId': 'killhouse', 'GameMode': 'PH'} from rotation
2024-09-26 23:56:03,744 - pavrcon - INFO - Successfully rotated map
2024-09-26 23:56:58,173 - pavrcon - INFO - Cleared mods from Game.ini
2024-09-26 23:56:58,281 - pavrcon - INFO - {'Command': 'UGCAddMod', 'ModId': 'UGC3370978', 'Successful': True}
2024-09-26 23:56:58,282 - pavrcon - INFO - Added modID UGC3370978 to Game.ini
2024-09-26 23:56:58,381 - pavrcon - INFO - Added new rotation of killhouse with gamemode PH
2024-09-26 23:56:58,482 - pavrcon - INFO - Current Rotation: [{'MapId': 'siberia', 'GameMode': 'SND'}, {'MapId': 'killhouse', 'GameMode': 'PH'}]
2024-09-26 23:56:58,593 - pavrcon - INFO - Removed {'MapId': 'siberia', 'GameMode': 'SND'} from rotation
2024-09-26 23:56:59,904 - pavrcon - INFO - Successfully rotated map
2024-09-26 23:59:56,867 - utils - ERROR - Not able to verify integrity of UGCID while getting URL
2024-10-16 00:06:50,845 - pavrcon - INFO - Successfully rotated map
2024-10-16 00:07:11,784 - pavrcon - INFO - Cleared mods from Game.ini
2024-10-16 00:07:11,837 - pavrcon - INFO - {'Command': 'UGCAddMod', 'ModId': 'UGC3370978', 'Successful': True}
2024-10-16 00:07:11,837 - pavrcon - INFO - Added modID UGC3370978 to Game.ini
2024-10-16 00:07:11,888 - pavrcon - INFO - Added new rotation of killhouse with gamemode PH
2024-10-16 00:07:11,932 - pavrcon - INFO - Current Rotation: [{'MapId': 'killhouse', 'GameMode': 'PH'}, {'MapId': 'killhouse', 'GameMode': 'PH'}]
2024-10-16 00:20:25,158 - __main__ - DEBUG - huh
2024-10-16 00:20:34,170 - pavrcon - INFO - Cleared mods from Game.ini
2024-10-16 00:20:34,213 - pavrcon - INFO - {'Command': 'UGCAddMod', 'ModId': 'UGC3370978', 'Successful': True}
2024-10-16 00:20:34,213 - pavrcon - INFO - Added modID UGC3370978 to Game.ini
2024-10-16 00:20:34,257 - pavrcon - INFO - {'Command': 'UGCAddMod', 'ModId': 'UGC3267926', 'Successful': True}
2024-10-16 00:20:34,257 - pavrcon - INFO - Added modID UGC3267926 to Game.ini
2024-10-16 00:20:34,301 - pavrcon - INFO - Added new rotation of siberia with gamemode ZWV
2024-10-16 00:20:34,357 - pavrcon - INFO - Current Rotation: [{'MapId': 'killhouse', 'GameMode': 'PH'}, {'MapId': 'killhouse', 'GameMode': 'PH'}, {'MapId': 'siberia', 'GameMode': 'ZWV'}]
2024-10-16 00:20:34,406 - pavrcon - INFO - Removed {'MapId': 'killhouse', 'GameMode': 'PH'} from rotation
2024-10-16 00:20:34,450 - pavrcon - INFO - Removed {'MapId': 'killhouse', 'GameMode': 'PH'} from rotation
2024-10-16 00:20:36,687 - pavrcon - INFO - Successfully rotated map
2024-10-16 00:22:32,023 - pavrcon - INFO - Cleared mods from Game.ini
2024-10-16 00:22:32,060 - pavrcon - INFO - {'Command': 'UGCAddMod', 'ModId': 'UGC3370978', 'Successful': True}
2024-10-16 00:22:32,060 - pavrcon - INFO - Added modID UGC3370978 to Game.ini
2024-10-16 00:22:32,104 - pavrcon - INFO - {'Command': 'UGCAddMod', 'ModId': 'UGC3267926', 'Successful': True}
2024-10-16 00:22:32,105 - pavrcon - INFO - Added modID UGC3267926 to Game.ini
2024-10-16 00:22:32,148 - pavrcon - INFO - Added new rotation of siberia with gamemode ZWV
2024-10-16 00:22:32,194 - pavrcon - INFO - Current Rotation: [{'MapId': 'siberia', 'GameMode': 'ZWV'}, {'MapId': 'siberia', 'GameMode': 'ZWV'}]
2024-10-16 00:22:37,260 - pavrcon - INFO - Cleared mods from Game.ini
2024-10-16 00:22:37,303 - pavrcon - INFO - Added new rotation of killhouse with gamemode PH
2024-10-16 00:22:37,352 - pavrcon - INFO - Current Rotation: [{'MapId': 'siberia', 'GameMode': 'ZWV'}, {'MapId': 'siberia', 'GameMode': 'ZWV'}, {'MapId': 'killhouse', 'GameMode': 'PH'}]
2024-10-16 00:22:37,395 - pavrcon - INFO - Removed {'MapId': 'siberia', 'GameMode': 'ZWV'} from rotation
2024-10-16 00:22:37,439 - pavrcon - INFO - Removed {'MapId': 'siberia', 'GameMode': 'ZWV'} from rotation
2024-10-16 00:23:17,874 - __main__ - DEBUG - vgff
2024-10-16 00:23:36,538 - __main__ - DEBUG - f
2024-10-16 00:44:33,523 - __main__ - DEBUG - Create new mod mod
2024-10-16 00:44:45,592 - __main__ - DEBUG - d
2024-10-16 00:48:27,858 - __main__ - DEBUG - d
2024-10-16 00:51:15,206 - __main__ - DEBUG - Create new mod hu
2024-10-16 00:51:26,078 - __main__ - DEBUG - d
2024-10-16 00:52:40,006 - __main__ - DEBUG - d
2024-10-16 00:52:40,006 - __main__ - DEBUG - Sand
2024-10-16 00:53:34,948 - __main__ - DEBUG - d
2024-10-16 00:53:34,949 - __main__ - DEBUG - Sand
2024-10-16 00:53:50,472 - __main__ - DEBUG - d
2024-10-16 00:53:50,472 - __main__ - DEBUG - Sand
2024-10-16 00:58:11,779 - __main__ - DEBUG - Create new mod mod
2024-10-16 00:58:40,390 - __main__ - DEBUG - s
2024-10-16 00:58:40,391 - __main__ - DEBUG - Sand
2024-10-16 00:59:00,626 - __main__ - DEBUG - s
2024-10-16 00:59:00,626 - __main__ - DEBUG - Datacenter
2024-10-16 01:02:29,154 - __main__ - DEBUG - Create new mod 3267965
2024-10-25 01:04:51,762 - __main__ - DEBUG - Create new mod Civ vehi
2024-10-25 01:05:02,795 - __main__ - DEBUG - Create new mod Glock
2024-10-25 05:10:54,283 - __main__ - INFO - Deleted modpack of id: 1
2024-10-25 05:18:31,824 - __main__ - DEBUG - h
2024-10-25 05:18:31,824 - __main__ - DEBUG - Datacenter
2024-10-25 05:32:27,538 - __main__ - INFO - Mod
2024-10-25 05:38:50,659 - __main__ - DEBUG - Deleting component of type: Mod with UGCId of UGC3272975
2024-10-25 05:38:52,797 - utils - ERROR - Not able to verify integrity of UGCID while getting URL
2024-10-25 05:38:54,160 - __main__ - DEBUG - Deleting component of type: Gamemode with UGCId of OITC
2024-10-25 05:38:56,684 - utils - ERROR - Not able to verify integrity of UGCID while getting URL
2024-10-25 05:38:56,937 - __main__ - DEBUG - Deleting component of type: Map with UGCId of sand
2024-10-25 05:39:04,936 - __main__ - DEBUG - Deleting component of type: Mod with UGCId of UGC4152672
2024-10-25 05:43:33,519 - utils - ERROR - Not able to verify integrity of UGCID while getting URL
2024-10-25 05:43:41,421 - utils - ERROR - Not able to verify integrity of UGCID while getting URL
2024-10-25 05:43:43,202 - __main__ - DEBUG - Deleting component of type: Gamemode with UGCId of KOTH
2024-10-25 05:45:31,465 - __main__ - INFO - Deleted profile of id: 1
2024-10-25 05:46:24,304 - __main__ - DEBUG - h
2024-10-25 05:46:24,305 - __main__ - DEBUG - Datacenter
2025-02-22 03:01:03,267 - __main__ - DEBUG - Form is validated
2025-02-22 03:01:03,267 - __main__ - DEBUG - Type: Map
2025-02-22 03:01:14,323 - __main__ - DEBUG - Form is validated
2025-02-22 03:01:14,323 - __main__ - DEBUG - Type: Mod
2025-02-22 03:08:45,799 - utils - ERROR - Error occured when checking UGC compadibility: the JSON object must be str, bytes or bytearray, not NoneType
2025-02-22 03:09:17,115 - utils - ERROR - Error occured when checking UGC compadibility: the JSON object must be str, bytes or bytearray, not NoneType
2025-02-22 03:09:37,119 - utils - ERROR - Error occured when checking UGC compadibility: the JSON object must be str, bytes or bytearray, not NoneType
2025-02-22 03:10:12,643 - __main__ - DEBUG - Mod
2025-02-22 03:10:12,939 - utils - ERROR - Error occured when checking UGC compadibility: the JSON object must be str, bytes or bytearray, not NoneType
2025-02-22 03:11:53,574 - __main__ - DEBUG - Mod
2025-02-22 03:11:54,115 - __main__ - DEBUG - Created new Mod 4482587
2025-02-22 03:12:07,197 - __main__ - DEBUG - Map
2025-02-22 03:12:07,655 - __main__ - DEBUG - Created new Map dddd
2025-02-22 03:14:58,356 - __main__ - DEBUG - GameMode
2025-02-22 03:14:58,876 - __main__ - DEBUG - Created new GameMode sss
2025-02-22 03:25:03,897 - __main__ - DEBUG - Created new Mod 4482587
2025-02-22 03:25:45,535 - __main__ - DEBUG - Created new Mod jhj
2025-02-22 03:27:47,999 - __main__ - DEBUG - Created new Mod lll
2025-02-22 03:28:06,985 - __main__ - DEBUG - name: [MOD] Daniel's Armory
2025-02-22 03:28:07,485 - __main__ - DEBUG - Created new Mod www
2025-02-22 03:30:21,410 - __main__ - DEBUG - name: None
2025-02-22 03:30:21,691 - utils - ERROR - Error occured when checking UGC compadibility: the JSON object must be str, bytes or bytearray, not NoneType
2025-02-22 03:30:31,330 - __main__ - DEBUG - name: CGNik's TTT Roles (MOD)
2025-02-22 03:30:31,862 - __main__ - DEBUG - Created new Map 3970532
2025-02-22 03:35:46,142 - utils - ERROR - Not able to verify integrity of UGCID while getting URL
2025-02-22 03:35:46,142 - __main__ - DEBUG - name: None
2025-02-22 03:35:46,555 - __main__ - DEBUG - Created new Mod 3970532
2025-02-22 03:38:51,700 - utils - ERROR - Not able to verify integrity of UGCID while getting URL
2025-02-22 03:38:51,700 - __main__ - DEBUG - name: None
2025-02-22 03:38:52,055 - __main__ - DEBUG - Created new Mod 3970532
2025-02-22 03:40:17,498 - utils - ERROR - Not able to verify integrity of UGCID while getting URL
2025-02-22 03:40:17,498 - __main__ - DEBUG - name: None
2025-02-22 03:40:17,997 - __main__ - DEBUG - Created new Mod 3970532
2025-02-22 14:16:59,842 - utils - ERROR - Not able to verify integrity of UGCID while getting URL
2025-02-22 14:18:19,575 - __main__ - DEBUG - None
2025-02-22 14:18:45,818 - __main__ - DEBUG - 3269828
2025-02-22 14:18:46,095 - __main__ - DEBUG - None
2025-02-22 14:19:07,462 - __main__ - DEBUG - 3269828
2025-02-22 14:19:07,707 - __main__ - DEBUG - None
2025-02-22 14:20:33,440 - __main__ - DEBUG - 3269828
2025-02-22 14:20:33,704 - __main__ - DEBUG - None
2025-02-22 14:20:44,372 - __main__ - DEBUG - 3269828
2025-02-22 14:20:44,611 - __main__ - DEBUG - [VEH] KENNITHH's - LittleBird
2025-02-22 14:23:17,760 - __main__ - DEBUG - 3269828
2025-02-22 14:23:18,074 - __main__ - DEBUG - [VEH] KENNITHH's - LittleBird
2025-02-22 14:23:31,592 - __main__ - DEBUG - 3269828
2025-02-22 14:23:31,898 - __main__ - DEBUG - [VEH] KENNITHH's - LittleBird
2025-02-22 14:25:19,015 - __main__ - DEBUG - 3269828
2025-02-22 14:25:19,319 - __main__ - DEBUG - [VEH] KENNITHH's - LittleBird
2025-02-22 14:25:43,335 - __main__ - DEBUG - 3269828
2025-02-22 14:25:43,587 - __main__ - DEBUG - [VEH] KENNITHH's - LittleBird
2025-02-22 14:26:11,485 - __main__ - DEBUG - 3269828
2025-02-22 14:26:11,743 - __main__ - DEBUG - [VEH] KENNITHH's - LittleBird
2025-02-22 14:26:28,587 - __main__ - DEBUG - 3269828
2025-02-22 14:26:28,847 - __main__ - DEBUG - [VEH] KENNITHH's - LittleBird
2025-02-22 14:26:43,693 - __main__ - DEBUG - 3269828
2025-02-22 14:26:43,996 - __main__ - DEBUG - [VEH] KENNITHH's - LittleBird
2025-02-22 14:27:23,790 - __main__ - DEBUG - 3269828
2025-02-22 14:27:24,138 - __main__ - DEBUG - [VEH] KENNITHH's - LittleBird
2025-02-22 14:27:39,901 - __main__ - DEBUG - 3269828
2025-02-22 14:27:40,217 - __main__ - DEBUG - [VEH] KENNITHH's - LittleBird
2025-02-22 14:28:33,094 - __main__ - DEBUG - 3269828
2025-02-22 14:28:33,468 - __main__ - DEBUG - [VEH] KENNITHH's - LittleBird
2025-02-22 14:29:20,301 - __main__ - DEBUG - 3269828
2025-02-22 14:29:20,581 - __main__ - DEBUG - [VEH] KENNITHH's - LittleBird
2025-02-22 14:29:34,646 - __main__ - DEBUG - 3269828
2025-02-22 14:29:35,007 - __main__ - DEBUG - [VEH] KENNITHH's - LittleBird
2025-02-22 14:31:28,445 - __main__ - DEBUG - 3269828
2025-02-22 14:31:28,779 - __main__ - DEBUG - [VEH] KENNITHH's - LittleBird
2025-02-22 14:37:31,484 - __main__ - DEBUG - 3269828
2025-02-22 14:37:31,786 - __main__ - DEBUG - [VEH] KENNITHH's - LittleBird
2025-02-22 14:38:48,185 - __main__ - DEBUG - 3269829
2025-02-22 14:38:48,482 - __main__ - DEBUG - None
2025-02-22 14:38:53,858 - __main__ - DEBUG - 3269829
2025-02-22 14:38:54,113 - __main__ - DEBUG - None
2025-02-22 14:39:35,494 - __main__ - DEBUG - 3269828
2025-02-22 14:39:35,794 - __main__ - DEBUG - [VEH] KENNITHH's - LittleBird
2025-02-22 14:39:39,473 - __main__ - DEBUG - 3269829
2025-02-22 14:39:39,785 - __main__ - DEBUG - None
2025-02-22 14:40:04,976 - __main__ - DEBUG - 3269828
2025-02-22 14:40:05,292 - __main__ - DEBUG - [VEH] KENNITHH's - LittleBird
2025-02-22 14:40:10,532 - __main__ - DEBUG - 3269829
2025-02-22 14:40:10,813 - __main__ - DEBUG - None
2025-02-22 14:40:15,374 - __main__ - DEBUG - 3269829
2025-02-22 14:40:15,746 - __main__ - DEBUG - None
2025-02-22 14:40:19,207 - __main__ - DEBUG - 3269828
2025-02-22 14:40:19,516 - __main__ - DEBUG - [VEH] KENNITHH's - LittleBird
2025-02-22 14:40:44,119 - __main__ - DEBUG - 3269828
2025-02-22 14:40:44,402 - __main__ - DEBUG - [VEH] KENNITHH's - LittleBird
2025-02-22 19:18:24,383 - __main__ - INFO - Successfully sent RCON command: ServerInfo
2025-02-22 19:19:02,857 - __main__ - INFO - Successfully sent RCON command: ServerInfo
2025-02-22 19:23:57,090 - __main__ - INFO - Successfully sent RCON command: ServerInfo
2025-02-22 19:24:24,904 - pavrcon - INFO - Successfully sent RCON command: ServerInfo
2025-02-22 19:24:40,806 - pavrcon - INFO - Successfully sent RCON command: ServerInfo
2025-02-22 19:28:59,237 - pavrcon - INFO - Successfully sent RCON command: ServerInfo
2025-02-22 19:31:12,103 - pavrcon - INFO - Successfully sent RCON command: ServerInfo
2025-02-22 19:31:43,773 - pavrcon - INFO - Successfully sent RCON command: ServerInfo
2025-02-22 19:31:55,005 - pavrcon - INFO - Successfully sent RCON command: ServerInfo
2025-02-22 19:33:55,824 - pavrcon - INFO - Successfully sent RCON command: ServerInfo
2025-02-22 19:34:38,840 - pavrcon - INFO - Successfully sent RCON command: ServerInfo
2025-02-22 19:35:28,833 - pavrcon - INFO - Successfully sent RCON command: ServerInfo
2025-02-22 19:36:37,799 - pavrcon - INFO - Successfully sent RCON command: ServerInfo
2025-02-22 19:37:33,758 - pavrcon - INFO - Successfully sent RCON command: ServerInfo
2025-02-22 19:37:48,942 - pavrcon - INFO - Successfully sent RCON command: ServerInfo
2025-02-22 19:43:08,732 - pavrcon - INFO - Successfully sent RCON command: ServerInfo
2025-02-22 19:45:08,302 - pavrcon - INFO - Successfully sent RCON command: ServerInfo
2025-02-22 19:45:21,274 - pavrcon - INFO - Successfully sent RCON command: ServerInfo
2025-02-22 19:46:35,508 - pavrcon - INFO - Successfully sent RCON command: ServerInfo
2025-02-22 19:46:46,237 - pavrcon - INFO - Successfully sent RCON command: ServerInfo
2025-02-22 19:47:48,770 - pavrcon - INFO - Successfully sent RCON command: ServerInfo
2025-02-22 19:55:54,933 - pavrcon - INFO - Successfully sent RCON command: ServerInfo
2025-02-22 19:56:24,192 - pavrcon - INFO - Successfully sent RCON command: ServerInfo
2025-02-22 19:56:29,784 - __main__ - DEBUG - non
2025-02-22 19:56:29,785 - __main__ - DEBUG - Datacenter
2025-02-22 19:56:29,870 - pavrcon - INFO - Successfully sent RCON command: ServerInfo
2025-02-22 19:56:35,517 - pavrcon - INFO - Cleared mods from Game.ini
2025-02-22 19:56:35,539 - pavrcon - INFO - Added new rotation of datacenter with gamemode DM
2025-02-22 19:56:35,560 - pavrcon - INFO - Current Rotation: [{'MapId': 'UGC2840452', 'GameMode': 'GUN'}, {'MapId': 'datacenter', 'GameMode': 'DM'}]
2025-02-22 19:56:35,572 - pavrcon - INFO - Removed {'MapId': 'UGC2840452', 'GameMode': 'GUN'} from rotation
2025-02-22 19:56:35,572 - __main__ - DEBUG - Set new profile: huh
2025-02-22 19:56:38,068 - pavrcon - INFO - Successfully sent RCON command: ServerInfo
2025-02-22 19:56:51,619 - pavrcon - INFO - Successfully sent RCON command: ServerInfo
2025-02-22 19:57:27,229 - pavrcon - INFO - Successfully sent RCON command: ServerInfo
2025-02-22 19:58:26,508 - pavrcon - INFO - Cleared mods from Game.ini
2025-02-22 19:58:26,519 - pavrcon - INFO - Added new rotation of datacenter with gamemode DM
2025-02-22 19:58:26,530 - pavrcon - INFO - Current Rotation: [{'MapId': 'datacenter', 'GameMode': 'DM'}, {'MapId': 'datacenter', 'GameMode': 'DM'}]
2025-02-22 19:58:26,530 - __main__ - DEBUG - Set new profile: huh
2025-02-22 19:58:31,210 - pavrcon - INFO - Successfully sent RCON command: ServerInfo
2025-02-22 19:59:41,797 - pavrcon - INFO - Successfully sent RCON command: ServerInfo
2025-02-22 19:59:41,798 - __main__ - DEBUG - uiqhiheiuqe: None
2025-02-22 19:59:51,427 - pavrcon - INFO - Cleared mods from Game.ini
2025-02-22 19:59:51,446 - pavrcon - INFO - Added new rotation of datacenter with gamemode DM
2025-02-22 19:59:51,460 - pavrcon - INFO - Current Rotation: [{'MapId': 'datacenter', 'GameMode': 'DM'}, {'MapId': 'datacenter', 'GameMode': 'DM'}, {'MapId': 'datacenter', 'GameMode': 'DM'}]
2025-02-22 19:59:51,460 - __main__ - DEBUG - Set new profile: huh
2025-02-22 19:59:56,233 - pavrcon - INFO - Successfully sent RCON command: ServerInfo
2025-02-22 19:59:56,233 - __main__ - DEBUG - uiqhiheiuqe: None
2025-02-22 20:02:50,808 - pavrcon - INFO - Successfully sent RCON command: ServerInfo
2025-02-22 20:03:26,353 - __main__ - DEBUG - 4380933
2025-02-22 20:03:26,982 - __main__ - DEBUG - Daniel's custom guns
2025-02-22 20:03:33,643 - __main__ - DEBUG - name: Daniel's custom guns
2025-02-22 20:03:34,011 - pavrcon - INFO - Successfully sent RCON command: ServerInfo
2025-02-22 20:03:44,297 - __main__ - DEBUG - 4380933
2025-02-22 20:03:44,598 - __main__ - DEBUG - Daniel's custom guns
2025-02-22 20:03:46,241 - __main__ - DEBUG - name: Daniel's custom guns
2025-02-22 20:03:46,612 - pavrcon - INFO - Successfully sent RCON command: ServerInfo
2025-02-22 20:04:10,237 - __main__ - DEBUG - 4431695
2025-02-22 20:04:10,611 - __main__ - DEBUG - [MOD] Boombox - Playlist [SOURCE]
2025-02-22 20:04:13,066 - __main__ - DEBUG - name: [MOD] Boombox - Playlist [SOURCE]
2025-02-22 20:04:13,385 - __main__ - DEBUG - Created new Mod [MOD] Boombox - Playlist [SOURCE]
2025-02-22 20:04:13,526 - pavrcon - INFO - Successfully sent RCON command: ServerInfo
2025-02-22 20:04:23,526 - pavrcon - INFO - Successfully sent RCON command: ServerInfo
2025-02-22 20:19:14,509 - pavrcon - INFO - Successfully sent RCON command: ServerInfo
2025-02-22 20:20:21,186 - __main__ - DEBUG - 4533132
2025-02-22 20:20:21,669 - __main__ - DEBUG - Nerf Gun Mod
2025-02-22 20:20:24,694 - __main__ - DEBUG - name: Nerf Gun Mod
2025-02-22 20:20:25,059 - __main__ - DEBUG - Created new Mod Nerf Gun Mod
2025-02-22 20:20:25,139 - pavrcon - INFO - Successfully sent RCON command: ServerInfo
2025-02-22 20:21:49,730 - pavrcon - INFO - Successfully sent RCON command: ServerInfo
2025-02-22 20:22:42,263 - pavrcon - INFO - Successfully sent RCON command: ServerInfo
2025-02-22 20:23:10,751 - pavrcon - INFO - Successfully sent RCON command: ServerInfo
2025-02-22 20:23:44,558 - pavrcon - INFO - Successfully sent RCON command: ServerInfo
2025-02-22 20:26:01,469 - pavrcon - INFO - Successfully sent RCON command: ServerInfo
2025-02-22 20:34:10,670 - pavrcon - INFO - Successfully sent RCON command: ServerInfo
2025-02-22 20:34:18,723 - pavrcon - INFO - Successfully sent RCON command: ServerInfo
2025-02-22 20:35:04,201 - pavrcon - INFO - Successfully sent RCON command: ServerInfo
2025-02-22 20:35:46,487 - pavrcon - INFO - Successfully sent RCON command: ServerInfo
2025-02-22 20:37:06,898 - pavrcon - INFO - Successfully sent RCON command: ServerInfo
2025-02-22 20:41:26,955 - pavrcon - INFO - Successfully sent RCON command: ServerInfo
2025-03-25 02:40:44,053 - pavrcon - INFO - Successfully sent RCON command: ServerInfo
2025-03-25 02:40:52,363 - pavrcon - INFO - Successfully sent RCON command: ServerInfo
2025-03-25 02:41:03,209 - __main__ - DEBUG - Querying 4255826
2025-03-25 02:41:13,686 - __main__ - DEBUG - Querying 4255826
2025-03-25 02:41:22,814 - __main__ - DEBUG - name: [GUN] Marco's Glock 18c (Full Auto)
2025-03-25 02:41:22,815 - utils - ERROR - Error occured when checking UGC compadibility: Invalid UGC passed: 4255826
2025-03-25 02:41:22,904 - pavrcon - INFO - Successfully sent RCON command: ServerInfo
2025-03-25 02:42:23,657 - pavrcon - INFO - Successfully sent RCON command: ServerInfo
2025-03-25 02:42:27,548 - __main__ - DEBUG - Querying 4255826
2025-03-25 02:42:29,229 - __main__ - DEBUG - name: [GUN] Marco's Glock 18c (Full Auto)
2025-03-25 02:42:29,545 - __main__ - DEBUG - Created new Map [GUN] Marco's Glock 18c (Full Auto)
2025-03-25 02:42:29,617 - pavrcon - INFO - Successfully sent RCON command: ServerInfo
2025-03-25 02:42:35,743 - __main__ - DEBUG - Querying 4255826
2025-03-25 02:42:37,111 - __main__ - DEBUG - name: [GUN] Marco's Glock 18c (Full Auto)
2025-03-25 02:42:37,436 - __main__ - DEBUG - Created new Mod [GUN] Marco's Glock 18c (Full Auto)
2025-03-25 02:42:37,524 - pavrcon - INFO - Successfully sent RCON command: ServerInfo
2025-03-25 02:42:51,572 - pavrcon - INFO - Successfully sent RCON command: ServerInfo
2025-03-25 02:43:29,177 - pavrcon - INFO - Successfully sent RCON command: ServerInfo
2025-03-25 02:43:40,769 - pavrcon - INFO - Successfully sent RCON command: ServerInfo
2025-03-25 02:43:52,411 - __main__ - DEBUG - test1
2025-03-25 02:43:52,411 - __main__ - DEBUG - Datacenter
2025-03-25 02:43:52,499 - pavrcon - INFO - Successfully sent RCON command: ServerInfo
2025-03-25 02:44:21,558 - pavrcon - INFO - Successfully sent RCON command: ServerInfo
2025-03-25 02:44:27,889 - __main__ - DEBUG - 2
2025-03-25 02:44:27,964 - pavrcon - INFO - Cleared mods from Game.ini
2025-03-25 02:44:27,979 - pavrcon - INFO - {'Command': 'UGCAddMod', 'ModId': 'UGC4255826', 'Successful': True}
2025-03-25 02:44:27,979 - pavrcon - INFO - Added modID UGC4255826 to Game.ini
2025-03-25 02:44:27,988 - pavrcon - INFO - Added new rotation of datacenter with gamemode DM
2025-03-25 02:44:27,995 - pavrcon - INFO - Current Rotation: [{'MapId': 'UGC4594836', 'GameMode': 'TDM'}, {'MapId': 'UGC4594836', 'GameMode': 'TDM'}, {'MapId': 'UGC4594836', 'GameMode': 'TDM'}, {'MapId': 'datacenter', 'GameMode': 'DM'}]
2025-03-25 02:44:28,008 - pavrcon - INFO - Removed {'MapId': 'UGC4594836', 'GameMode': 'TDM'} from rotation
2025-03-25 02:44:28,018 - pavrcon - INFO - Removed {'MapId': 'UGC4594836', 'GameMode': 'TDM'} from rotation
2025-03-25 02:44:28,030 - pavrcon - INFO - Removed {'MapId': 'UGC4594836', 'GameMode': 'TDM'} from rotation
2025-03-25 02:44:28,031 - __main__ - DEBUG - Set new profile: test1
2025-03-25 02:44:49,347 - pavrcon - INFO - Successfully rotated map
2025-03-25 02:45:10,276 - pavrcon - INFO - Successfully sent RCON command: ServerInfo
2025-03-25 02:49:05,991 - pavrcon - INFO - Successfully sent RCON command: ServerInfo
2025-03-25 03:02:46,130 - pavrcon - DEBUG - Successfully authenticated pavlov rcon
2025-03-25 03:02:46,142 - pavrcon - INFO - Successfully sent RCON command: ServerInfo
2025-03-25 03:02:55,477 - pavrcon - DEBUG - Successfully authenticated pavlov rcon
2025-03-25 03:02:55,495 - pavrcon - INFO - Successfully sent RCON command: ServerInfo
2025-03-25 03:03:02,680 - __main__ - DEBUG - 2
2025-03-25 03:03:02,732 - pavrcon - DEBUG - Successfully authenticated pavlov rcon
2025-03-25 03:03:02,743 - pavrcon - INFO - Cleared mods from Game.ini
2025-03-25 03:03:02,754 - pavrcon - INFO - {'Command': 'UGCAddMod', 'Successful': False}
2025-03-25 03:03:02,755 - pavrcon - CRITICAL - Error adding modID
2025-03-25 03:03:02,765 - pavrcon - INFO - {'Command': 'UGCAddMod', 'Successful': False}
2025-03-25 03:03:02,766 - pavrcon - CRITICAL - Error adding modID
2025-03-25 03:03:02,778 - pavrcon - INFO - {'Command': 'UGCAddMod', 'ModId': 'UGC4255826', 'Successful': True}
2025-03-25 03:03:02,778 - pavrcon - INFO - Added modID UGC4255826 to Game.ini
2025-03-25 03:03:02,795 - pavrcon - INFO - Added new rotation of datacenter with gamemode DM
2025-03-25 03:03:02,810 - pavrcon - INFO - Current Rotation: [{'MapId': 'datacenter', 'GameMode': 'DM'}, {'MapId': 'datacenter', 'GameMode': 'DM'}]
2025-03-25 03:03:02,811 - __main__ - DEBUG - Set new profile: test1
2025-03-25 03:04:15,778 - __main__ - DEBUG - 2
2025-03-25 03:04:15,840 - pavrcon - DEBUG - Successfully authenticated pavlov rcon
2025-03-25 03:04:15,861 - pavrcon - INFO - Cleared mods from Game.ini
2025-03-25 03:04:15,882 - pavrcon - INFO - {'Command': 'UGCAddMod', 'Successful': False}
2025-03-25 03:04:15,883 - pavrcon - CRITICAL - Error adding modID 4431695 to Game.ini
2025-03-25 03:04:15,893 - pavrcon - INFO - {'Command': 'UGCAddMod', 'Successful': False}
2025-03-25 03:04:15,894 - pavrcon - CRITICAL - Error adding modID 4533132 to Game.ini
2025-03-25 03:04:15,905 - pavrcon - INFO - {'Command': 'UGCAddMod', 'ModId': 'UGC4255826', 'Successful': True}
2025-03-25 03:04:15,906 - pavrcon - INFO - Added modID UGC4255826 to Game.ini
2025-03-25 03:04:15,916 - pavrcon - INFO - Added new rotation of datacenter with gamemode DM
2025-03-25 03:04:15,927 - pavrcon - INFO - Current Rotation: [{'MapId': 'datacenter', 'GameMode': 'DM'}, {'MapId': 'datacenter', 'GameMode': 'DM'}, {'MapId': 'datacenter', 'GameMode': 'DM'}]
2025-03-25 03:04:15,928 - __main__ - DEBUG - Set new profile: test1
2025-03-25 03:05:41,385 - pavrcon - DEBUG - Successfully authenticated pavlov rcon
2025-03-25 03:05:41,400 - pavrcon - INFO - Successfully sent RCON command: ServerInfo
2025-03-25 03:06:08,356 - pavrcon - DEBUG - Successfully authenticated pavlov rcon
2025-03-25 03:06:08,370 - pavrcon - INFO - Successfully sent RCON command: ServerInfo
2025-03-25 03:09:08,732 - pavrcon - DEBUG - Successfully authenticated pavlov rcon
2025-03-25 03:09:08,745 - pavrcon - INFO - Successfully sent RCON command: ServerInfo
2025-03-25 03:09:17,653 - __main__ - DEBUG - 2
2025-03-25 03:09:17,712 - pavrcon - DEBUG - Successfully authenticated pavlov rcon
2025-03-25 03:09:17,724 - pavrcon - INFO - Cleared mods from Game.ini
2025-03-25 03:09:17,734 - pavrcon - INFO - {'Command': 'UGCAddMod', 'Successful': False}
2025-03-25 03:09:17,734 - pavrcon - CRITICAL - Error adding modID 4431695 to Game.ini due to it missing the UGC pretext
2025-03-25 03:09:17,745 - pavrcon - INFO - {'Command': 'UGCAddMod', 'Successful': False}
2025-03-25 03:09:17,745 - pavrcon - CRITICAL - Error adding modID 4533132 to Game.ini due to it missing the UGC pretext
2025-03-25 03:09:17,758 - pavrcon - INFO - {'Command': 'UGCAddMod', 'ModId': 'UGC4255826', 'Successful': True}
2025-03-25 03:09:17,758 - pavrcon - INFO - Added modID UGC4255826 to Game.ini
2025-03-25 03:09:17,768 - pavrcon - INFO - Added new rotation of datacenter with gamemode DM
2025-03-25 03:09:17,779 - pavrcon - INFO - Current Rotation: [{'MapId': 'datacenter', 'GameMode': 'DM'}, {'MapId': 'datacenter', 'GameMode': 'DM'}, {'MapId': 'datacenter', 'GameMode': 'DM'}, {'MapId': 'datacenter', 'GameMode': 'DM'}]
2025-03-25 03:09:17,780 - __main__ - DEBUG - Set new profile: test1
2025-03-25 03:13:34,132 - pavrcon - DEBUG - Successfully authenticated pavlov rcon
2025-03-25 03:13:34,150 - pavrcon - INFO - Successfully sent RCON command: ServerInfo
2025-03-25 03:13:41,838 - pavrcon - DEBUG - Successfully authenticated pavlov rcon
2025-03-25 03:13:41,847 - pavrcon - INFO - Successfully sent RCON command: ServerInfo
2025-03-25 03:15:22,262 - pavrcon - DEBUG - Successfully authenticated pavlov rcon
2025-03-25 03:15:22,275 - pavrcon - INFO - Successfully sent RCON command: ServerInfo
2025-03-25 03:15:38,112 - pavrcon - DEBUG - Successfully authenticated pavlov rcon
2025-03-25 03:15:38,122 - pavrcon - INFO - Successfully sent RCON command: ServerInfo
2025-03-25 03:17:48,896 - pavrcon - DEBUG - Successfully authenticated pavlov rcon
2025-03-25 03:17:48,916 - pavrcon - INFO - Successfully sent RCON command: ServerInfo
2025-03-25 03:17:54,664 - pavrcon - DEBUG - Successfully authenticated pavlov rcon
2025-03-25 03:17:54,682 - pavrcon - INFO - Successfully sent RCON command: ServerInfo
2025-03-25 03:18:00,501 - pavrcon - DEBUG - Successfully authenticated pavlov rcon
2025-03-25 03:18:00,517 - pavrcon - INFO - Successfully sent RCON command: ServerInfo
2025-03-25 03:19:04,672 - pavrcon - DEBUG - Successfully authenticated pavlov rcon
2025-03-25 03:19:04,682 - pavrcon - INFO - Successfully sent RCON command: ServerInfo
2025-03-25 03:19:10,475 - pavrcon - DEBUG - Successfully authenticated pavlov rcon
2025-03-25 03:19:10,495 - pavrcon - INFO - Successfully sent RCON command: ServerInfo
2025-03-25 03:19:36,946 - pavrcon - DEBUG - Successfully authenticated pavlov rcon
2025-03-25 03:19:36,963 - pavrcon - INFO - Successfully sent RCON command: ServerInfo
2025-03-25 03:19:48,474 - pavrcon - DEBUG - Successfully authenticated pavlov rcon
2025-03-25 03:19:48,484 - pavrcon - INFO - Successfully sent RCON command: ServerInfo
2025-03-25 03:20:07,782 - pavrcon - DEBUG - Successfully authenticated pavlov rcon
2025-03-25 03:20:07,793 - pavrcon - INFO - Successfully sent RCON command: ServerInfo
2025-03-25 03:20:21,880 - pavrcon - DEBUG - Successfully authenticated pavlov rcon
2025-03-25 03:20:21,898 - pavrcon - INFO - Successfully sent RCON command: ServerInfo
2025-03-25 03:20:35,766 - __main__ - DEBUG - Deleting component of type: Mod with UGCId of UGC4255826
2025-03-25 03:20:35,815 - pavrcon - DEBUG - Successfully authenticated pavlov rcon
2025-03-25 03:20:35,835 - pavrcon - INFO - Successfully sent RCON command: ServerInfo
2025-03-25 03:20:53,023 - pavrcon - DEBUG - Successfully authenticated pavlov rcon
2025-03-25 03:20:53,040 - pavrcon - INFO - Successfully sent RCON command: ServerInfo
2025-03-25 03:20:59,039 - __main__ - DEBUG - 2
2025-03-25 03:20:59,088 - pavrcon - DEBUG - Successfully authenticated pavlov rcon
2025-03-25 03:20:59,101 - pavrcon - INFO - Cleared mods from Game.ini
2025-03-25 03:20:59,125 - pavrcon - INFO - Added new rotation of datacenter with gamemode DM
2025-03-25 03:20:59,137 - pavrcon - INFO - Current Rotation: [{'MapId': 'datacenter', 'GameMode': 'DM'}, {'MapId': 'datacenter', 'GameMode': 'DM'}, {'MapId': 'datacenter', 'GameMode': 'DM'}, {'MapId': 'datacenter', 'GameMode': 'DM'}, {'MapId': 'datacenter', 'GameMode': 'DM'}]
2025-03-25 03:20:59,137 - __main__ - DEBUG - Set new profile: test1
2025-03-25 03:21:21,893 - pavrcon - DEBUG - Successfully authenticated pavlov rcon
2025-03-25 03:21:21,913 - pavrcon - INFO - Successfully sent RCON command: ServerInfo
2025-03-25 03:21:30,584 - __main__ - DEBUG - Querying 4255826
2025-03-25 03:21:34,243 - __main__ - DEBUG - name: [GUN] Marco's Glock 18c (Full Auto)
2025-03-25 03:21:34,662 - __main__ - DEBUG - Created new Mod [GUN] Marco's Glock 18c (Full Auto)
2025-03-25 03:21:34,740 - pavrcon - DEBUG - Successfully authenticated pavlov rcon
2025-03-25 03:21:34,756 - pavrcon - INFO - Successfully sent RCON command: ServerInfo
2025-03-25 03:21:43,403 - pavrcon - DEBUG - Successfully authenticated pavlov rcon
2025-03-25 03:21:43,420 - pavrcon - INFO - Successfully sent RCON command: ServerInfo
2025-03-25 03:21:49,158 - __main__ - DEBUG - 2
2025-03-25 03:21:49,192 - pavrcon - DEBUG - Successfully authenticated pavlov rcon
2025-03-25 03:21:49,203 - pavrcon - INFO - Cleared mods from Game.ini
2025-03-25 03:21:49,215 - pavrcon - INFO - {'Command': 'UGCAddMod', 'ModId': 'UGC4255826', 'Successful': True}
2025-03-25 03:21:49,215 - pavrcon - INFO - Added modID UGC4255826 to Game.ini
2025-03-25 03:21:49,225 - pavrcon - INFO - Added new rotation of datacenter with gamemode DM
2025-03-25 03:21:49,238 - pavrcon - INFO - Current Rotation: [{'MapId': 'datacenter', 'GameMode': 'DM'}, {'MapId': 'datacenter', 'GameMode': 'DM'}, {'MapId': 'datacenter', 'GameMode': 'DM'}, {'MapId': 'datacenter', 'GameMode': 'DM'}, {'MapId': 'datacenter', 'GameMode': 'DM'}, {'MapId': 'datacenter', 'GameMode': 'DM'}]
2025-03-25 03:21:49,239 - __main__ - DEBUG - Set new profile: test1
2025-03-25 03:22:10,987 - pavrcon - DEBUG - Successfully authenticated pavlov rcon
2025-03-25 03:22:11,002 - pavrcon - INFO - Successfully rotated map
2025-03-25 03:22:13,492 - __main__ - DEBUG - 1
2025-03-25 03:22:13,529 - pavrcon - DEBUG - Successfully authenticated pavlov rcon
2025-03-25 03:22:13,549 - pavrcon - INFO - Cleared mods from Game.ini
2025-03-25 03:22:13,560 - pavrcon - INFO - Added new rotation of datacenter with gamemode DM
2025-03-25 03:22:13,570 - pavrcon - INFO - Current Rotation: [{'MapId': 'datacenter', 'GameMode': 'DM'}, {'MapId': 'datacenter', 'GameMode': 'DM'}, {'MapId': 'datacenter', 'GameMode': 'DM'}, {'MapId': 'datacenter', 'GameMode': 'DM'}, {'MapId': 'datacenter', 'GameMode': 'DM'}, {'MapId': 'datacenter', 'GameMode': 'DM'}, {'MapId': 'datacenter', 'GameMode': 'DM'}]
2025-03-25 03:22:13,571 - __main__ - DEBUG - Set new profile: huh
2025-03-25 03:22:45,788 - __main__ - DEBUG - 1
2025-03-25 03:22:45,855 - pavrcon - DEBUG - Successfully authenticated pavlov rcon
2025-03-25 03:22:45,873 - pavrcon - INFO - Cleared mods from Game.ini
2025-03-25 03:22:45,895 - pavrcon - INFO - Added new rotation of datacenter with gamemode DM
2025-03-25 03:22:45,916 - pavrcon - INFO - Current Rotation: [{'MapId': 'datacenter', 'GameMode': 'DM'}, {'MapId': 'datacenter', 'GameMode': 'DM'}, {'MapId': 'datacenter', 'GameMode': 'DM'}, {'MapId': 'datacenter', 'GameMode': 'DM'}, {'MapId': 'datacenter', 'GameMode': 'DM'}, {'MapId': 'datacenter', 'GameMode': 'DM'}, {'MapId': 'datacenter', 'GameMode': 'DM'}, {'MapId': 'datacenter', 'GameMode': 'DM'}]
2025-03-25 03:22:45,917 - __main__ - DEBUG - Set new profile: huh
2025-03-25 03:23:45,964 - pavrcon - DEBUG - Successfully authenticated pavlov rcon
2025-03-25 03:23:45,982 - pavrcon - INFO - Successfully sent RCON command: ServerInfo
2025-03-25 03:23:58,688 - __main__ - DEBUG - test1
2025-03-25 03:23:58,688 - __main__ - DEBUG - Sand
2025-03-25 03:23:58,791 - pavrcon - DEBUG - Successfully authenticated pavlov rcon
2025-03-25 03:23:58,805 - pavrcon - INFO - Successfully sent RCON command: ServerInfo
2025-03-25 03:24:03,763 - __main__ - DEBUG - 3
2025-03-25 03:24:03,795 - pavrcon - DEBUG - Successfully authenticated pavlov rcon
2025-03-25 03:24:03,814 - pavrcon - INFO - Cleared mods from Game.ini
2025-03-25 03:24:03,839 - pavrcon - INFO - {'Command': 'UGCAddMod', 'ModId': 'UGC4255826', 'Successful': True}
2025-03-25 03:24:03,839 - pavrcon - INFO - Added modID UGC4255826 to Game.ini
2025-03-25 03:24:03,848 - pavrcon - INFO - Added new rotation of sand with gamemode INFECTION
2025-03-25 03:24:03,858 - pavrcon - INFO - Current Rotation: [{'MapId': 'datacenter', 'GameMode': 'DM'}, {'MapId': 'datacenter', 'GameMode': 'DM'}, {'MapId': 'datacenter', 'GameMode': 'DM'}, {'MapId': 'datacenter', 'GameMode': 'DM'}, {'MapId': 'datacenter', 'GameMode': 'DM'}, {'MapId': 'datacenter', 'GameMode': 'DM'}, {'MapId': 'datacenter', 'GameMode': 'DM'}, {'MapId': 'datacenter', 'GameMode': 'DM'}, {'MapId': 'sand', 'GameMode': 'INFECTION'}]
2025-03-25 03:24:03,870 - pavrcon - INFO - Removed {'MapId': 'datacenter', 'GameMode': 'DM'} from rotation
2025-03-25 03:24:03,886 - pavrcon - INFO - Removed {'MapId': 'datacenter', 'GameMode': 'DM'} from rotation
2025-03-25 03:24:03,903 - pavrcon - INFO - Removed {'MapId': 'datacenter', 'GameMode': 'DM'} from rotation
2025-03-25 03:24:03,915 - pavrcon - INFO - Removed {'MapId': 'datacenter', 'GameMode': 'DM'} from rotation
2025-03-25 03:24:03,925 - pavrcon - INFO - Removed {'MapId': 'datacenter', 'GameMode': 'DM'} from rotation
2025-03-25 03:24:03,938 - pavrcon - INFO - Removed {'MapId': 'datacenter', 'GameMode': 'DM'} from rotation
2025-03-25 03:24:03,959 - pavrcon - INFO - Removed {'MapId': 'datacenter', 'GameMode': 'DM'} from rotation
2025-03-25 03:24:03,972 - pavrcon - INFO - Removed {'MapId': 'datacenter', 'GameMode': 'DM'} from rotation
2025-03-25 03:24:03,972 - __main__ - DEBUG - Set new profile: test2
